Archive member included to satisfy reference by file (symbol)

c:/ac6/systemworkbench/plugins/fr.ac6.mcu.externaltools.arm-none.win32_1.17.0.201812190825/tools/compiler/bin/../lib/gcc/arm-none-eabi/7.3.1/../../../../arm-none-eabi/lib/thumb/v7e-m/fpv4-sp/hard\libc.a(lib_a-exit.o)
                              c:/ac6/systemworkbench/plugins/fr.ac6.mcu.externaltools.arm-none.win32_1.17.0.201812190825/tools/compiler/bin/../lib/gcc/arm-none-eabi/7.3.1/../../../../arm-none-eabi/lib/thumb/v7e-m/fpv4-sp/hard/rdimon-crt0.o (exit)
c:/ac6/systemworkbench/plugins/fr.ac6.mcu.externaltools.arm-none.win32_1.17.0.201812190825/tools/compiler/bin/../lib/gcc/arm-none-eabi/7.3.1/../../../../arm-none-eabi/lib/thumb/v7e-m/fpv4-sp/hard\libc.a(lib_a-impure.o)
                              c:/ac6/systemworkbench/plugins/fr.ac6.mcu.externaltools.arm-none.win32_1.17.0.201812190825/tools/compiler/bin/../lib/gcc/arm-none-eabi/7.3.1/../../../../arm-none-eabi/lib/thumb/v7e-m/fpv4-sp/hard\libc.a(lib_a-exit.o) (_global_impure_ptr)
c:/ac6/systemworkbench/plugins/fr.ac6.mcu.externaltools.arm-none.win32_1.17.0.201812190825/tools/compiler/bin/../lib/gcc/arm-none-eabi/7.3.1/../../../../arm-none-eabi/lib/thumb/v7e-m/fpv4-sp/hard\libc.a(lib_a-init.o)
                              c:/ac6/systemworkbench/plugins/fr.ac6.mcu.externaltools.arm-none.win32_1.17.0.201812190825/tools/compiler/bin/../lib/gcc/arm-none-eabi/7.3.1/../../../../arm-none-eabi/lib/thumb/v7e-m/fpv4-sp/hard/rdimon-crt0.o (__libc_init_array)
c:/ac6/systemworkbench/plugins/fr.ac6.mcu.externaltools.arm-none.win32_1.17.0.201812190825/tools/compiler/bin/../lib/gcc/arm-none-eabi/7.3.1/../../../../arm-none-eabi/lib/thumb/v7e-m/fpv4-sp/hard\libc.a(lib_a-memset.o)
                              c:/ac6/systemworkbench/plugins/fr.ac6.mcu.externaltools.arm-none.win32_1.17.0.201812190825/tools/compiler/bin/../lib/gcc/arm-none-eabi/7.3.1/../../../../arm-none-eabi/lib/thumb/v7e-m/fpv4-sp/hard/rdimon-crt0.o (memset)
c:/ac6/systemworkbench/plugins/fr.ac6.mcu.externaltools.arm-none.win32_1.17.0.201812190825/tools/compiler/bin/../lib/gcc/arm-none-eabi/7.3.1/../../../../arm-none-eabi/lib/thumb/v7e-m/fpv4-sp/hard\libc.a(lib_a-__call_atexit.o)
                              c:/ac6/systemworkbench/plugins/fr.ac6.mcu.externaltools.arm-none.win32_1.17.0.201812190825/tools/compiler/bin/../lib/gcc/arm-none-eabi/7.3.1/../../../../arm-none-eabi/lib/thumb/v7e-m/fpv4-sp/hard\libc.a(lib_a-exit.o) (__call_exitprocs)
c:/ac6/systemworkbench/plugins/fr.ac6.mcu.externaltools.arm-none.win32_1.17.0.201812190825/tools/compiler/bin/../lib/gcc/arm-none-eabi/7.3.1/../../../../arm-none-eabi/lib/thumb/v7e-m/fpv4-sp/hard\libc.a(lib_a-atexit.o)
                              c:/ac6/systemworkbench/plugins/fr.ac6.mcu.externaltools.arm-none.win32_1.17.0.201812190825/tools/compiler/bin/../lib/gcc/arm-none-eabi/7.3.1/../../../../arm-none-eabi/lib/thumb/v7e-m/fpv4-sp/hard\libc.a(lib_a-__call_atexit.o) (atexit)
c:/ac6/systemworkbench/plugins/fr.ac6.mcu.externaltools.arm-none.win32_1.17.0.201812190825/tools/compiler/bin/../lib/gcc/arm-none-eabi/7.3.1/../../../../arm-none-eabi/lib/thumb/v7e-m/fpv4-sp/hard\libc.a(lib_a-fini.o)
                              c:/ac6/systemworkbench/plugins/fr.ac6.mcu.externaltools.arm-none.win32_1.17.0.201812190825/tools/compiler/bin/../lib/gcc/arm-none-eabi/7.3.1/../../../../arm-none-eabi/lib/thumb/v7e-m/fpv4-sp/hard\libc.a(lib_a-__call_atexit.o) (__libc_fini_array)
c:/ac6/systemworkbench/plugins/fr.ac6.mcu.externaltools.arm-none.win32_1.17.0.201812190825/tools/compiler/bin/../lib/gcc/arm-none-eabi/7.3.1/../../../../arm-none-eabi/lib/thumb/v7e-m/fpv4-sp/hard\libc.a(lib_a-lock.o)
                              c:/ac6/systemworkbench/plugins/fr.ac6.mcu.externaltools.arm-none.win32_1.17.0.201812190825/tools/compiler/bin/../lib/gcc/arm-none-eabi/7.3.1/../../../../arm-none-eabi/lib/thumb/v7e-m/fpv4-sp/hard\libc.a(lib_a-__call_atexit.o) (__retarget_lock_acquire_recursive)
c:/ac6/systemworkbench/plugins/fr.ac6.mcu.externaltools.arm-none.win32_1.17.0.201812190825/tools/compiler/bin/../lib/gcc/arm-none-eabi/7.3.1/../../../../arm-none-eabi/lib/thumb/v7e-m/fpv4-sp/hard\libc.a(lib_a-__atexit.o)
                              c:/ac6/systemworkbench/plugins/fr.ac6.mcu.externaltools.arm-none.win32_1.17.0.201812190825/tools/compiler/bin/../lib/gcc/arm-none-eabi/7.3.1/../../../../arm-none-eabi/lib/thumb/v7e-m/fpv4-sp/hard\libc.a(lib_a-atexit.o) (__register_exitproc)
c:/ac6/systemworkbench/plugins/fr.ac6.mcu.externaltools.arm-none.win32_1.17.0.201812190825/tools/compiler/bin/../lib/gcc/arm-none-eabi/7.3.1/../../../../arm-none-eabi/lib/thumb/v7e-m/fpv4-sp/hard\librdimon.a(rdimon-syscalls.o)
                              c:/ac6/systemworkbench/plugins/fr.ac6.mcu.externaltools.arm-none.win32_1.17.0.201812190825/tools/compiler/bin/../lib/gcc/arm-none-eabi/7.3.1/../../../../arm-none-eabi/lib/thumb/v7e-m/fpv4-sp/hard/rdimon-crt0.o (initialise_monitor_handles)
[...]
Memory Configuration

Name             Origin             Length             Attributes
RAM              0x20000000         0x00020000         xrw
ROM              0x08000000         0x00080000         xr
*default*        0x00000000         0xffffffff

Linker script and memory map

LOAD c:/ac6/systemworkbench/plugins/fr.ac6.mcu.externaltools.arm-none.win32_1.17.0.201812190825/tools/compiler/bin/../lib/gcc/arm-none-eabi/7.3.1/thumb/v7e-m/fpv4-sp/hard/crti.o
LOAD c:/ac6/systemworkbench/plugins/fr.ac6.mcu.externaltools.arm-none.win32_1.17.0.201812190825/tools/compiler/bin/../lib/gcc/arm-none-eabi/7.3.1/thumb/v7e-m/fpv4-sp/hard/crtbegin.o
LOAD c:/ac6/systemworkbench/plugins/fr.ac6.mcu.externaltools.arm-none.win32_1.17.0.201812190825/tools/compiler/bin/../lib/gcc/arm-none-eabi/7.3.1/../../../../arm-none-eabi/lib/thumb/v7e-m/fpv4-sp/hard/rdimon-crt0.o
LOAD c:/ac6/systemworkbench/plugins/fr.ac6.mcu.externaltools.arm-none.win32_1.17.0.201812190825/tools/compiler/bin/../lib/gcc/arm-none-eabi/7.3.1/../../../../arm-none-eabi/lib/thumb/v7e-m/fpv4-sp/hard\libc.a
LOAD c:/ac6/systemworkbench/plugins/fr.ac6.mcu.externaltools.arm-none.win32_1.17.0.201812190825/tools/compiler/bin/../lib/gcc/arm-none-eabi/7.3.1/../../../../arm-none-eabi/lib/thumb/v7e-m/fpv4-sp/hard\librdimon.a
LOAD StdPeriph_Driver/src/misc.o
LOAD StdPeriph_Driver/src/stm32f4xx_adc.o
LOAD StdPeriph_Driver/src/stm32f4xx_can.o
LOAD StdPeriph_Driver/src/stm32f4xx_cec.o
LOAD StdPeriph_Driver/src/stm32f4xx_crc.o
LOAD StdPeriph_Driver/src/stm32f4xx_cryp.o
LOAD StdPeriph_Driver/src/stm32f4xx_cryp_aes.o
LOAD StdPeriph_Driver/src/stm32f4xx_cryp_des.o
LOAD StdPeriph_Driver/src/stm32f4xx_cryp_tdes.o
LOAD StdPeriph_Driver/src/stm32f4xx_dac.o
LOAD StdPeriph_Driver/src/stm32f4xx_dbgmcu.o
LOAD StdPeriph_Driver/src/stm32f4xx_dcmi.o
LOAD StdPeriph_Driver/src/stm32f4xx_dfsdm.o
LOAD StdPeriph_Driver/src/stm32f4xx_dma.o
LOAD StdPeriph_Driver/src/stm32f4xx_dma2d.o
LOAD StdPeriph_Driver/src/stm32f4xx_dsi.o
LOAD StdPeriph_Driver/src/stm32f4xx_exti.o
LOAD StdPeriph_Driver/src/stm32f4xx_flash.o
LOAD StdPeriph_Driver/src/stm32f4xx_flash_ramfunc.o
LOAD StdPeriph_Driver/src/stm32f4xx_fmc.o
LOAD StdPeriph_Driver/src/stm32f4xx_fmip2c.o
LOAD StdPeriph_Driver/src/stm32f4xx_fsmc.o
LOAD StdPeriph_Driver/src/stm32f4xx_gpio.o
LOAD StdPeriph_Driver/src/stm32f4xx_hash.o
LOAD StdPeriph_Driver/src/stm32f4xx_hash_md5.o
LOAD StdPeriph_Driver/src/stm32f4xx_hash_sha1.o
LOAD StdPeriph_Driver/src/stm32f4xx_i2c.o
LOAD StdPeriph_Driver/src/stm32f4xx_iwdg.o
LOAD StdPeriph_Driver/src/stm32f4xx_lptim.o
LOAD StdPeriph_Driver/src/stm32f4xx_ltdc.o
LOAD StdPeriph_Driver/src/stm32f4xx_pwr.o
LOAD StdPeriph_Driver/src/stm32f4xx_qspi.o
LOAD StdPeriph_Driver/src/stm32f4xx_rcc.o
LOAD StdPeriph_Driver/src/stm32f4xx_rng.o
LOAD StdPeriph_Driver/src/stm32f4xx_rtc.o
LOAD StdPeriph_Driver/src/stm32f4xx_sai.o
LOAD StdPeriph_Driver/src/stm32f4xx_sdio.o
LOAD StdPeriph_Driver/src/stm32f4xx_spdifrx.o
LOAD StdPeriph_Driver/src/stm32f4xx_spi.o
LOAD StdPeriph_Driver/src/stm32f4xx_syscfg.o
LOAD StdPeriph_Driver/src/stm32f4xx_tim.o
LOAD StdPeriph_Driver/src/stm32f4xx_usart.o
LOAD StdPeriph_Driver/src/stm32f4xx_wwdg.o
LOAD Third-Party/FreeRtos/org/Source/croutine.o
LOAD Third-Party/FreeRtos/org/Source/event_groups.o
LOAD Third-Party/FreeRtos/org/Source/list.o
LOAD Third-Party/FreeRtos/org/Source/queue.o
LOAD Third-Party/FreeRtos/org/Source/stream_buffer.o
LOAD Third-Party/FreeRtos/org/Source/tasks.o
LOAD Third-Party/FreeRtos/org/Source/timers.o
LOAD Third-Party/FreeRtos/org/Source/portable/GCC/ARM_CM4F/port.o
LOAD Third-Party/FreeRtos/org/Source/portable/MemMang/heap_4.o
LOAD src/main.o
LOAD src/system_stm32f4xx.o
LOAD startup/startup_stm32.o
LOAD c:/ac6/systemworkbench/plugins/fr.ac6.mcu.externaltools.arm-none.win32_1.17.0.201812190825/tools/compiler/bin/../lib/gcc/arm-none-eabi/7.3.1/../../../../arm-none-eabi/lib/thumb/v7e-m/fpv4-sp/hard\libm.a
START GROUP
LOAD c:/ac6/systemworkbench/plugins/fr.ac6.mcu.externaltools.arm-none.win32_1.17.0.201812190825/tools/compiler/bin/../lib/gcc/arm-none-eabi/7.3.1/thumb/v7e-m/fpv4-sp/hard\libgcc.a
LOAD c:/ac6/systemworkbench/plugins/fr.ac6.mcu.externaltools.arm-none.win32_1.17.0.201812190825/tools/compiler/bin/../lib/gcc/arm-none-eabi/7.3.1/../../../../arm-none-eabi/lib/thumb/v7e-m/fpv4-sp/hard\libc.a
END GROUP
START GROUP
LOAD c:/ac6/systemworkbench/plugins/fr.ac6.mcu.externaltools.arm-none.win32_1.17.0.201812190825/tools/compiler/bin/../lib/gcc/arm-none-eabi/7.3.1/thumb/v7e-m/fpv4-sp/hard\libgcc.a
LOAD c:/ac6/systemworkbench/plugins/fr.ac6.mcu.externaltools.arm-none.win32_1.17.0.201812190825/tools/compiler/bin/../lib/gcc/arm-none-eabi/7.3.1/../../../../arm-none-eabi/lib/thumb/v7e-m/fpv4-sp/hard\libc.a
LOAD c:/ac6/systemworkbench/plugins/fr.ac6.mcu.externaltools.arm-none.win32_1.17.0.201812190825/tools/compiler/bin/../lib/gcc/arm-none-eabi/7.3.1/../../../../arm-none-eabi/lib/thumb/v7e-m/fpv4-sp/hard\librdimon.a
END GROUP
LOAD c:/ac6/systemworkbench/plugins/fr.ac6.mcu.externaltools.arm-none.win32_1.17.0.201812190825/tools/compiler/bin/../lib/gcc/arm-none-eabi/7.3.1/thumb/v7e-m/fpv4-sp/hard/crtend.o
LOAD c:/ac6/systemworkbench/plugins/fr.ac6.mcu.externaltools.arm-none.win32_1.17.0.201812190825/tools/compiler/bin/../lib/gcc/arm-none-eabi/7.3.1/thumb/v7e-m/fpv4-sp/hard/crtn.o
                0x20020000                _estack = 0x20020000
                0x00000000                _Min_Heap_Size = 0x0
                0x00000400                _Min_Stack_Size = 0x400

.isr_vector     0x08000000      0x1c4
                0x08000000                . = ALIGN (0x4)
 *(.isr_vector)
 .isr_vector    0x08000000      0x1c4 startup/startup_stm32.o
                0x08000000                g_pfnVectors
                0x080001c4                . = ALIGN (0x4)

.text           0x08000200     0x4c10
                0x08000200                . = ALIGN (0x4)
 *(.text)
 .text          0x08000200       0x40 c:/ac6/systemworkbench/plugins/fr.ac6.mcu.externaltools.arm-none.win32_1.17.0.201812190825/tools/compiler/bin/../lib/gcc/arm-none-eabi/7.3.1/thumb/v7e-m/fpv4-sp/hard/crtbegin.o
 .text          0x08000240      0x134 c:/ac6/systemworkbench/plugins/fr.ac6.mcu.externaltools.arm-none.win32_1.17.0.201812190825/tools/compiler/bin/../lib/gcc/arm-none-eabi/7.3.1/../../../../arm-none-eabi/lib/thumb/v7e-m/fpv4-sp/hard\libc.a(lib_a-memcpy.o)
                0x08000240                memcpy
 *fill*         0x08000374        0xc 
 .text          0x08000380       0xdc c:/ac6/systemworkbench/plugins/fr.ac6.mcu.externaltools.arm-none.win32_1.17.0.201812190825/tools/compiler/bin/../lib/gcc/arm-none-eabi/7.3.1/../../../../arm-none-eabi/lib/thumb/v7e-m/fpv4-sp/hard\libc.a(lib_a-strlen.o)
                0x08000380                strlen
 *fill*         0x0800045c        0x4 
 .text          0x08000460       0xa0 c:/ac6/systemworkbench/plugins/fr.ac6.mcu.externaltools.arm-none.win32_1.17.0.201812190825/tools/compiler/bin/../lib/gcc/arm-none-eabi/7.3.1/../../../../arm-none-eabi/lib/thumb/v7e-m/fpv4-sp/hard\libc.a(lib_a-memchr.o)
                0x08000460                memchr
 *(.text*)
 .text.__libc_init_array
                0x08000500       0x48 c:/ac6/systemworkbench/plugins/fr.ac6.mcu.externaltools.arm-none.win32_1.17.0.201812190825/tools/compiler/bin/../lib/gcc/arm-none-eabi/7.3.1/../../../../arm-none-eabi/lib/thumb/v7e-m/fpv4-sp/hard\libc.a(lib_a-init.o)
                0x08000500                __libc_init_array
 .text.memset   0x08000548       0x94 c:/ac6/systemworkbench/plugins/fr.ac6.mcu.externaltools.arm-none.win32_1.17.0.201812190825/tools/compiler/bin/../lib/gcc/arm-none-eabi/7.3.1/../../../../arm-none-eabi/lib/thumb/v7e-m/fpv4-sp/hard\libc.a(lib_a-memset.o)
                0x08000548                memset
 .text.startup.register_fini
                0x080005dc       0x14 c:/ac6/systemworkbench/plugins/fr.ac6.mcu.externaltools.arm-none.win32_1.17.0.201812190825/tools/compiler/bin/../lib/gcc/arm-none-eabi/7.3.1/../../../../arm-none-eabi/lib/thumb/v7e-m/fpv4-sp/hard\libc.a(lib_a-__call_atexit.o)
 .text.atexit   0x080005f0        0xc c:/ac6/systemworkbench/plugins/fr.ac6.mcu.externaltools.arm-none.win32_1.17.0.201812190825/tools/compiler/bin/../lib/gcc/arm-none-eabi/7.3.1/../../../../arm-none-eabi/lib/thumb/v7e-m/fpv4-sp/hard\libc.a(lib_a-atexit.o)
                0x080005f0                atexit
 .text.__libc_fini_array
                0x080005fc       0x34 c:/ac6/systemworkbench/plugins/fr.ac6.mcu.externaltools.arm-none.win32_1.17.0.201812190825/tools/compiler/bin/../lib/gcc/arm-none-eabi/7.3.1/../../../../arm-none-eabi/lib/thumb/v7e-m/fpv4-sp/hard\libc.a(lib_a-fini.o)
                0x080005fc                __libc_fini_array
 .text.__retarget_lock_init_recursive
                0x08000630        0x4 c:/ac6/systemworkbench/plugins/fr.ac6.mcu.externaltools.arm-none.win32_1.17.0.201812190825/tools/compiler/bin/../lib/gcc/arm-none-eabi/7.3.1/../../../../arm-none-eabi/lib/thumb/v7e-m/fpv4-sp/hard\libc.a(lib_a-lock.o)
                0x08000630                __retarget_lock_init_recursive
 .text.__retarget_lock_close_recursive
                0x08000634        0x4 c:/ac6/systemworkbench/plugins/fr.ac6.mcu.externaltools.arm-none.win32_1.17.0.201812190825/tools/compiler/bin/../lib/gcc/arm-none-eabi/7.3.1/../../../../arm-none-eabi/lib/thumb/v7e-m/fpv4-sp/hard\libc.a(lib_a-lock.o)
                0x08000634                __retarget_lock_close_recursive
 .text.__retarget_lock_acquire_recursive
                0x08000638        0x4 c:/ac6/systemworkbench/plugins/fr.ac6.mcu.externaltools.arm-none.win32_1.17.0.201812190825/tools/compiler/bin/../lib/gcc/arm-none-eabi/7.3.1/../../../../arm-none-eabi/lib/thumb/v7e-m/fpv4-sp/hard\libc.a(lib_a-lock.o)
                0x08000638                __retarget_lock_acquire_recursive
 .text.__retarget_lock_release_recursive
                0x0800063c        0x4 c:/ac6/systemworkbench/plugins/fr.ac6.mcu.externaltools.arm-none.win32_1.17.0.201812190825/tools/compiler/bin/../lib/gcc/arm-none-eabi/7.3.1/../../../../arm-none-eabi/lib/thumb/v7e-m/fpv4-sp/hard\libc.a(lib_a-lock.o)
                0x0800063c                __retarget_lock_release_recursive
 .text.__register_exitproc
                0x08000640       0xc0 c:/ac6/systemworkbench/plugins/fr.ac6.mcu.externaltools.arm-none.win32_1.17.0.201812190825/tools/compiler/bin/../lib/gcc/arm-none-eabi/7.3.1/../../../../arm-none-eabi/lib/thumb/v7e-m/fpv4-sp/hard\libc.a(lib_a-__atexit.o)
                0x08000640                __register_exitproc
 .text.findslot
                0x08000700       0x38 c:/ac6/systemworkbench/plugins/fr.ac6.mcu.externaltools.arm-none.win32_1.17.0.201812190825/tools/compiler/bin/../lib/gcc/arm-none-eabi/7.3.1/../../../../arm-none-eabi/lib/thumb/v7e-m/fpv4-sp/hard\librdimon.a(rdimon-syscalls.o)
 .text.checkerror.part.0
                0x08000738       0x1c c:/ac6/systemworkbench/plugins/fr.ac6.mcu.externaltools.arm-none.win32_1.17.0.201812190825/tools/compiler/bin/../lib/gcc/arm-none-eabi/7.3.1/../../../../arm-none-eabi/lib/thumb/v7e-m/fpv4-sp/hard\librdimon.a(rdimon-syscalls.o)
 .text._read    0x08000754       0x50 c:/ac6/systemworkbench/plugins/fr.ac6.mcu.externaltools.arm-none.win32_1.17.0.201812190825/tools/compiler/bin/../lib/gcc/arm-none-eabi/7.3.1/../../../../arm-none-eabi/lib/thumb/v7e-m/fpv4-sp/hard\librdimon.a(rdimon-syscalls.o)
                0x08000754                _read
 .text._swilseek
                0x080007a4       0x9c c:/ac6/systemworkbench/plugins/fr.ac6.mcu.externaltools.arm-none.win32_1.17.0.201812190825/tools/compiler/bin/../lib/gcc/arm-none-eabi/7.3.1/../../../../arm-none-eabi/lib/thumb/v7e-m/fpv4-sp/hard\librdimon.a(rdimon-syscalls.o)
                0x080007a4                _swilseek
 .text._lseek   0x08000840        0x4 c:/ac6/systemworkbench/plugins/fr.ac6.mcu.externaltools.arm-none.win32_1.17.0.201812190825/tools/compiler/bin/../lib/gcc/arm-none-eabi/7.3.1/../../../../arm-none-eabi/lib/thumb/v7e-m/fpv4-sp/hard\librdimon.a(rdimon-syscalls.o)
                0x08000840                _lseek
 .text._write   0x08000844       0x74 c:/ac6/systemworkbench/plugins/fr.ac6.mcu.externaltools.arm-none.win32_1.17.0.201812190825/tools/compiler/bin/../lib/gcc/arm-none-eabi/7.3.1/../../../../arm-none-eabi/lib/thumb/v7e-m/fpv4-sp/hard\librdimon.a(rdimon-syscalls.o)
                0x08000844                _write
 .text._close   0x080008b8       0x6c c:/ac6/systemworkbench/plugins/fr.ac6.mcu.externaltools.arm-none.win32_1.17.0.201812190825/tools/compiler/bin/../lib/gcc/arm-none-eabi/7.3.1/../../../../arm-none-eabi/lib/thumb/v7e-m/fpv4-sp/hard\librdimon.a(rdimon-syscalls.o)
                0x080008b8                _close
 .text._sbrk    0x08000924       0x4c c:/ac6/systemworkbench/plugins/fr.ac6.mcu.externaltools.arm-none.win32_1.17.0.201812190825/tools/compiler/bin/../lib/gcc/arm-none-eabi/7.3.1/../../../../arm-none-eabi/lib/thumb/v7e-m/fpv4-sp/hard\librdimon.a(rdimon-syscalls.o)
                0x08000924                _sbrk
 .text._swistat
                0x08000970       0x48 c:/ac6/systemworkbench/plugins/fr.ac6.mcu.externaltools.arm-none.win32_1.17.0.201812190825/tools/compiler/bin/../lib/gcc/arm-none-eabi/7.3.1/../../../../arm-none-eabi/lib/thumb/v7e-m/fpv4-sp/hard\librdimon.a(rdimon-syscalls.o)
                0x08000970                _swistat
 .text._fstat   0x080009b8       0x1c c:/ac6/systemworkbench/plugins/fr.ac6.mcu.externaltools.arm-none.win32_1.17.0.201812190825/tools/compiler/bin/../lib/gcc/arm-none-eabi/7.3.1/../../../../arm-none-eabi/lib/thumb/v7e-m/fpv4-sp/hard\librdimon.a(rdimon-syscalls.o)
                0x080009b8                _fstat
 .text._stat    0x080009d4       0x3c c:/ac6/systemworkbench/plugins/fr.ac6.mcu.externaltools.arm-none.win32_1.17.0.201812190825/tools/compiler/bin/../lib/gcc/arm-none-eabi/7.3.1/../../../../arm-none-eabi/lib/thumb/v7e-m/fpv4-sp/hard\librdimon.a(rdimon-syscalls.o)
                0x080009d4                _stat
 .text._swiopen
                0x08000a10       0xd8 c:/ac6/systemworkbench/plugins/fr.ac6.mcu.externaltools.arm-none.win32_1.17.0.201812190825/tools/compiler/bin/../lib/gcc/arm-none-eabi/7.3.1/../../../../arm-none-eabi/lib/thumb/v7e-m/fpv4-sp/hard\librdimon.a(rdimon-syscalls.o)
                0x08000a10                _swiopen
 .text._get_semihosting_exts
                0x08000ae8       0xd0 c:/ac6/systemworkbench/plugins/fr.ac6.mcu.externaltools.arm-none.win32_1.17.0.201812190825/tools/compiler/bin/../lib/gcc/arm-none-eabi/7.3.1/../../../../arm-none-eabi/lib/thumb/v7e-m/fpv4-sp/hard\librdimon.a(rdimon-syscalls.o)
                0x08000ae8                _get_semihosting_exts
 .text.initialise_semihosting_exts
                0x08000bb8       0x3c c:/ac6/systemworkbench/plugins/fr.ac6.mcu.externaltools.arm-none.win32_1.17.0.201812190825/tools/compiler/bin/../lib/gcc/arm-none-eabi/7.3.1/../../../../arm-none-eabi/lib/thumb/v7e-m/fpv4-sp/hard\librdimon.a(rdimon-syscalls.o)
 .text.initialise_monitor_handles
                0x08000bf4       0xfc c:/ac6/systemworkbench/plugins/fr.ac6.mcu.externaltools.arm-none.win32_1.17.0.201812190825/tools/compiler/bin/../lib/gcc/arm-none-eabi/7.3.1/../../../../arm-none-eabi/lib/thumb/v7e-m/fpv4-sp/hard\librdimon.a(rdimon-syscalls.o)
                0x08000bf4                initialise_monitor_handles
 .text._isatty  0x08000cf0       0x3c c:/ac6/systemworkbench/plugins/fr.ac6.mcu.externaltools.arm-none.win32_1.17.0.201812190825/tools/compiler/bin/../lib/gcc/arm-none-eabi/7.3.1/../../../../arm-none-eabi/lib/thumb/v7e-m/fpv4-sp/hard\librdimon.a(rdimon-syscalls.o)
                0x08000cf0                _isatty
 .text.RCC_DeInit
                0x08000d2c       0x70 StdPeriph_Driver/src/stm32f4xx_rcc.o
                0x08000d2c                RCC_DeInit
 .text.vListInitialise
                0x08000d9c       0x40 Third-Party/FreeRtos/org/Source/list.o
                0x08000d9c                vListInitialise
 .text.vListInitialiseItem
                0x08000ddc       0x1a Third-Party/FreeRtos/org/Source/list.o
                0x08000ddc                vListInitialiseItem
 .text.vListInsertEnd
                0x08000df6       0x48 Third-Party/FreeRtos/org/Source/list.o
                0x08000df6                vListInsertEnd
 .text.vListInsert
                0x08000e3e       0x72 Third-Party/FreeRtos/org/Source/list.o
                0x08000e3e                vListInsert
 .text.uxListRemove
                0x08000eb0       0x54 Third-Party/FreeRtos/org/Source/list.o
                0x08000eb0                uxListRemove
 .text.xQueueGenericReset
                0x08000f04       0xd0 Third-Party/FreeRtos/org/Source/queue.o
                0x08000f04                xQueueGenericReset
 .text.xQueueGenericCreate
                0x08000fd4       0x6a Third-Party/FreeRtos/org/Source/queue.o
                0x08000fd4                xQueueGenericCreate
 .text.prvInitialiseNewQueue
                0x0800103e       0x46 Third-Party/FreeRtos/org/Source/queue.o
 .text.xQueueGenericSend
                0x08001084      0x1f4 Third-Party/FreeRtos/org/Source/queue.o
                0x08001084                xQueueGenericSend
 .text.xQueueGenericSendFromISR
                0x08001278      0x12e Third-Party/FreeRtos/org/Source/queue.o
                0x08001278                xQueueGenericSendFromISR
 *fill*         0x080013a6        0x2 
 .text.xQueueReceive
                0x080013a8      0x1b8 Third-Party/FreeRtos/org/Source/queue.o
                0x080013a8                xQueueReceive
 .text.prvCopyDataToQueue
                0x08001560       0xd4 Third-Party/FreeRtos/org/Source/queue.o
 .text.prvCopyDataFromQueue
                0x08001634       0x4c Third-Party/FreeRtos/org/Source/queue.o
 .text.prvUnlockQueue
                0x08001680       0xa4 Third-Party/FreeRtos/org/Source/queue.o
 .text.prvIsQueueEmpty
                0x08001724       0x2c Third-Party/FreeRtos/org/Source/queue.o
 .text.prvIsQueueFull
                0x08001750       0x30 Third-Party/FreeRtos/org/Source/queue.o
 .text.vQueueAddToRegistry
                0x08001780       0x50 Third-Party/FreeRtos/org/Source/queue.o
                0x08001780                vQueueAddToRegistry
 .text.vQueueWaitForMessageRestricted
                0x080017d0       0x68 Third-Party/FreeRtos/org/Source/queue.o
                0x080017d0                vQueueWaitForMessageRestricted
 .text.xTaskCreate
                0x08001838       0x82 Third-Party/FreeRtos/org/Source/tasks.o
                0x08001838                xTaskCreate
 .text.prvInitialiseNewTask
                0x080018ba      0x11c Third-Party/FreeRtos/org/Source/tasks.o
 *fill*         0x080019d6        0x2 
 .text.prvAddNewTaskToReadyList
                0x080019d8       0xdc Third-Party/FreeRtos/org/Source/tasks.o
 .text.vTaskStartScheduler
                0x08001ab4       0x98 Third-Party/FreeRtos/org/Source/tasks.o
                0x08001ab4                vTaskStartScheduler
 .text.vTaskSuspendAll
                0x08001b4c       0x1c Third-Party/FreeRtos/org/Source/tasks.o
                0x08001b4c                vTaskSuspendAll
 .text.xTaskResumeAll
                0x08001b68      0x138 Third-Party/FreeRtos/org/Source/tasks.o
                0x08001b68                xTaskResumeAll
 .text.xTaskGetTickCount
                0x08001ca0       0x20 Third-Party/FreeRtos/org/Source/tasks.o
                0x08001ca0                xTaskGetTickCount
 .text.xTaskIncrementTick
                0x08001cc0      0x170 Third-Party/FreeRtos/org/Source/tasks.o
                0x08001cc0                xTaskIncrementTick
 .text.vTaskSwitchContext
                0x08001e30       0xb4 Third-Party/FreeRtos/org/Source/tasks.o
                0x08001e30                vTaskSwitchContext
 .text.vTaskPlaceOnEventList
                0x08001ee4       0x48 Third-Party/FreeRtos/org/Source/tasks.o
                0x08001ee4                vTaskPlaceOnEventList
 .text.vTaskPlaceOnEventListRestricted
                0x08001f2c       0x54 Third-Party/FreeRtos/org/Source/tasks.o
                0x08001f2c                vTaskPlaceOnEventListRestricted
 .text.xTaskRemoveFromEventList
                0x08001f80       0xc4 Third-Party/FreeRtos/org/Source/tasks.o
                0x08001f80                xTaskRemoveFromEventList
 .text.vTaskInternalSetTimeOutState
                0x08002044       0x2c Third-Party/FreeRtos/org/Source/tasks.o
                0x08002044                vTaskInternalSetTimeOutState
 .text.xTaskCheckForTimeOut
                0x08002070       0xc0 Third-Party/FreeRtos/org/Source/tasks.o
                0x08002070                xTaskCheckForTimeOut
 .text.vTaskMissedYield
                0x08002130       0x18 Third-Party/FreeRtos/org/Source/tasks.o
                0x08002130                vTaskMissedYield
 .text.prvIdleTask
                0x08002148       0x30 Third-Party/FreeRtos/org/Source/tasks.o
 .text.prvInitialiseTaskLists
                0x08002178       0x80 Third-Party/FreeRtos/org/Source/tasks.o
 .text.prvCheckTasksWaitingTermination
                0x080021f8       0x58 Third-Party/FreeRtos/org/Source/tasks.o
 .text.prvDeleteTCB
                0x08002250       0x20 Third-Party/FreeRtos/org/Source/tasks.o
 .text.prvResetNextTaskUnblockTime
                0x08002270       0x40 Third-Party/FreeRtos/org/Source/tasks.o
 .text.xTaskGetSchedulerState
                0x080022b0       0x3c Third-Party/FreeRtos/org/Source/tasks.o
                0x080022b0                xTaskGetSchedulerState
 .text.xTaskPriorityDisinherit
                0x080022ec      0x108 Third-Party/FreeRtos/org/Source/tasks.o
                0x080022ec                xTaskPriorityDisinherit
 .text.prvAddCurrentTaskToDelayedList
                0x080023f4       0xcc Third-Party/FreeRtos/org/Source/tasks.o
 .text.xTimerCreateTimerTask
                0x080024c0       0x64 Third-Party/FreeRtos/org/Source/timers.o
                0x080024c0                xTimerCreateTimerTask
 .text.xTimerGenericCommand
                0x08002524       0x98 Third-Party/FreeRtos/org/Source/timers.o
                0x08002524                xTimerGenericCommand
 .text.prvProcessExpiredTimer
                0x080025bc       0x98 Third-Party/FreeRtos/org/Source/timers.o
 .text.prvTimerTask
                0x08002654       0x24 Third-Party/FreeRtos/org/Source/timers.o
 .text.prvProcessTimerOrBlockTask
                0x08002678       0x9c Third-Party/FreeRtos/org/Source/timers.o
 .text.prvGetNextExpireTime
                0x08002714       0x48 Third-Party/FreeRtos/org/Source/timers.o
 .text.prvSampleTimeNow
                0x0800275c       0x40 Third-Party/FreeRtos/org/Source/timers.o
 .text.prvInsertTimerInActiveList
                0x0800279c       0x84 Third-Party/FreeRtos/org/Source/timers.o
 .text.prvProcessReceivedCommands
                0x08002820      0x188 Third-Party/FreeRtos/org/Source/timers.o
 .text.prvSwitchTimerLists
                0x080029a8       0xc8 Third-Party/FreeRtos/org/Source/timers.o
 .text.prvCheckForValidListAndQueue
                0x08002a70       0x6c Third-Party/FreeRtos/org/Source/timers.o
 .text.pxPortInitialiseStack
                0x08002adc       0x68 Third-Party/FreeRtos/org/Source/portable/GCC/ARM_CM4F/port.o
                0x08002adc                pxPortInitialiseStack
 .text.prvTaskExitError
                0x08002b44       0x54 Third-Party/FreeRtos/org/Source/portable/GCC/ARM_CM4F/port.o
 *fill*         0x08002b98        0x8 
 .text.SVC_Handler
                0x08002ba0       0x28 Third-Party/FreeRtos/org/Source/portable/GCC/ARM_CM4F/port.o
                0x08002ba0                SVC_Handler
 .text.prvPortStartFirstTask
                0x08002bc8       0x28 Third-Party/FreeRtos/org/Source/portable/GCC/ARM_CM4F/port.o
 .text.xPortStartScheduler
                0x08002bf0      0x13c Third-Party/FreeRtos/org/Source/portable/GCC/ARM_CM4F/port.o
                0x08002bf0                xPortStartScheduler
 .text.vPortEnterCritical
                0x08002d2c       0x5c Third-Party/FreeRtos/org/Source/portable/GCC/ARM_CM4F/port.o
                0x08002d2c                vPortEnterCritical
 .text.vPortExitCritical
                0x08002d88       0x50 Third-Party/FreeRtos/org/Source/portable/GCC/ARM_CM4F/port.o
                0x08002d88                vPortExitCritical
 *fill*         0x08002dd8        0x8 
 .text.PendSV_Handler
                0x08002de0       0x68 Third-Party/FreeRtos/org/Source/portable/GCC/ARM_CM4F/port.o
                0x08002de0                PendSV_Handler
 .text.SysTick_Handler
                0x08002e48       0x40 Third-Party/FreeRtos/org/Source/portable/GCC/ARM_CM4F/port.o
                0x08002e48                SysTick_Handler
 .text.vPortSetupTimerInterrupt
                0x08002e88       0x48 Third-Party/FreeRtos/org/Source/portable/GCC/ARM_CM4F/port.o
                0x08002e88                vPortSetupTimerInterrupt
 .text.vPortEnableVFP
                0x08002ed0       0x14 Third-Party/FreeRtos/org/Source/portable/GCC/ARM_CM4F/port.o
 .text.vPortValidateInterruptPriority
                0x08002ee4       0x7c Third-Party/FreeRtos/org/Source/portable/GCC/ARM_CM4F/port.o
                0x08002ee4                vPortValidateInterruptPriority
 .text.pvPortMalloc
                0x08002f60      0x190 Third-Party/FreeRtos/org/Source/portable/MemMang/heap_4.o
                0x08002f60                pvPortMalloc
 .text.vPortFree
                0x080030f0       0xc0 Third-Party/FreeRtos/org/Source/portable/MemMang/heap_4.o
                0x080030f0                vPortFree
 .text.prvHeapInit
                0x080031b0       0xc4 Third-Party/FreeRtos/org/Source/portable/MemMang/heap_4.o
 .text.prvInsertBlockIntoFreeList
                0x08003274       0xb4 Third-Party/FreeRtos/org/Source/portable/MemMang/heap_4.o
 .text.main     0x08003328       0x68 src/main.o
                0x08003328                main
 .text.vTask1_Handler
                0x08003390        0xa src/main.o
                0x08003390                vTask1_Handler
 .text.vTask2_Handler
                0x0800339a        0xa src/main.o
                0x0800339a                vTask2_Handler
 .text.prvSetupHardware
                0x080033a4        0xe src/main.o
 *fill*         0x080033b2        0x2 
 .text.SystemInit
                0x080033b4       0x6c src/system_stm32f4xx.o
                0x080033b4                SystemInit
 .text.SystemCoreClockUpdate
                0x08003420      0x19c src/system_stm32f4xx.o
                0x08003420                SystemCoreClockUpdate
 .text.SetSysClock
                0x080035bc      0x12c src/system_stm32f4xx.o
 .text.Reset_Handler
                0x080036e8       0x50 startup/startup_stm32.o
                0x080036e8                Reset_Handler
 .text.Default_Handler
                0x08003738        0x2 startup/startup_stm32.o
                0x08003738                RTC_Alarm_IRQHandler
                0x08003738                EXTI2_IRQHandler
                0x08003738                TIM8_CC_IRQHandler
                0x08003738                SPDIF_Rx_IRQHandler
                0x08003738                DebugMon_Handler
                0x08003738                SPI4_IRQHandler
                0x08003738                TIM1_CC_IRQHandler
                0x08003738                QuadSPI_IRQHandler
                0x08003738                DMA2_Stream5_IRQHandler
                0x08003738                HardFault_Handler
                0x08003738                DMA1_Stream5_IRQHandler
                0x08003738                PVD_IRQHandler
                0x08003738                SDIO_IRQHandler
                0x08003738                TAMP_STAMP_IRQHandler
                0x08003738                NMI_Handler
                0x08003738                CAN2_RX1_IRQHandler
                0x08003738                EXTI3_IRQHandler
                0x08003738                TIM8_TRG_COM_TIM14_IRQHandler
                0x08003738                TIM1_UP_TIM10_IRQHandler
                0x08003738                FMPI2C1_error_IRQHandler
                0x08003738                TIM8_UP_TIM13_IRQHandler
                0x08003738                I2C3_ER_IRQHandler
                0x08003738                EXTI0_IRQHandler
                0x08003738                I2C2_EV_IRQHandler
                0x08003738                DMA1_Stream2_IRQHandler
                0x08003738                CAN1_RX0_IRQHandler
                0x08003738                FPU_IRQHandler
                0x08003738                OTG_HS_WKUP_IRQHandler
                0x08003738                UsageFault_Handler
                0x08003738                CAN2_SCE_IRQHandler
                0x08003738                DMA2_Stream2_IRQHandler
                0x08003738                SPI1_IRQHandler
                0x08003738                TIM6_DAC_IRQHandler
                0x08003738                TIM1_BRK_TIM9_IRQHandler
                0x08003738                DCMI_IRQHandler
                0x08003738                CAN2_RX0_IRQHandler
                0x08003738                DMA2_Stream3_IRQHandler
                0x08003738                FMPI2C1_IRQHandler
                0x08003738                SAI2_IRQHandler
                0x08003738                USART6_IRQHandler
                0x08003738                USART3_IRQHandler
                0x08003738                CAN1_RX1_IRQHandler
                0x08003738                UART5_IRQHandler
                0x08003738                DMA2_Stream0_IRQHandler
                0x08003738                TIM4_IRQHandler
                0x08003738                I2C1_EV_IRQHandler
                0x08003738                HDMI_CEC_IRQHandler
                0x08003738                DMA1_Stream6_IRQHandler
                0x08003738                DMA1_Stream1_IRQHandler
                0x08003738                UART4_IRQHandler
                0x08003738                TIM3_IRQHandler
                0x08003738                RCC_IRQHandler
                0x08003738                TIM8_BRK_TIM12_IRQHandler
                0x08003738                Default_Handler
                0x08003738                EXTI15_10_IRQHandler
                0x08003738                ADC_IRQHandler
                0x08003738                DMA1_Stream7_IRQHandler
                0x08003738                TIM7_IRQHandler
                0x08003738                CAN2_TX_IRQHandler
                0x08003738                TIM5_IRQHandler
                0x08003738                DMA2_Stream7_IRQHandler
                0x08003738                I2C3_EV_IRQHandler
                0x08003738                EXTI9_5_IRQHandler
                0x08003738                RTC_WKUP_IRQHandler
                0x08003738                SPI2_IRQHandler
                0x08003738                OTG_HS_EP1_IN_IRQHandler
                0x08003738                MemManage_Handler
                0x08003738                DMA1_Stream0_IRQHandler
                0x08003738                CAN1_TX_IRQHandler
                0x08003738                EXTI4_IRQHandler
                0x08003738                OTG_HS_EP1_OUT_IRQHandler
                0x08003738                WWDG_IRQHandler
                0x08003738                TIM2_IRQHandler
                0x08003738                OTG_FS_WKUP_IRQHandler
                0x08003738                TIM1_TRG_COM_TIM11_IRQHandler
                0x08003738                OTG_HS_IRQHandler
                0x08003738                EXTI1_IRQHandler
                0x08003738                USART2_IRQHandler
                0x08003738                I2C2_ER_IRQHandler
                0x08003738                DMA2_Stream1_IRQHandler
                0x08003738                CAN1_SCE_IRQHandler
                0x08003738                FLASH_IRQHandler
                0x08003738                DMA2_Stream4_IRQHandler
                0x08003738                BusFault_Handler
                0x08003738                USART1_IRQHandler
                0x08003738                OTG_FS_IRQHandler
                0x08003738                SPI3_IRQHandler
                0x08003738                DMA1_Stream4_IRQHandler
                0x08003738                I2C1_ER_IRQHandler
                0x08003738                FMC_IRQHandler
                0x08003738                DMA2_Stream6_IRQHandler
                0x08003738                SAI1_IRQHandler
                0x08003738                DMA1_Stream3_IRQHandler
 *fill*         0x0800373a        0x2 
 .text.__errno  0x0800373c        0xc c:/ac6/systemworkbench/plugins/fr.ac6.mcu.externaltools.arm-none.win32_1.17.0.201812190825/tools/compiler/bin/../lib/gcc/arm-none-eabi/7.3.1/../../../../arm-none-eabi/lib/thumb/v7e-m/fpv4-sp/hard\libc.a(lib_a-errno.o)
                0x0800373c                __errno
 .text.std      0x08003748       0x50 c:/ac6/systemworkbench/plugins/fr.ac6.mcu.externaltools.arm-none.win32_1.17.0.201812190825/tools/compiler/bin/../lib/gcc/arm-none-eabi/7.3.1/../../../../arm-none-eabi/lib/thumb/v7e-m/fpv4-sp/hard\libc.a(lib_a-findfp.o)
 .text._cleanup_r
                0x08003798        0xc c:/ac6/systemworkbench/plugins/fr.ac6.mcu.externaltools.arm-none.win32_1.17.0.201812190825/tools/compiler/bin/../lib/gcc/arm-none-eabi/7.3.1/../../../../arm-none-eabi/lib/thumb/v7e-m/fpv4-sp/hard\libc.a(lib_a-findfp.o)
                0x08003798                _cleanup_r
 .text.__sinit  0x080037a4       0x58 c:/ac6/systemworkbench/plugins/fr.ac6.mcu.externaltools.arm-none.win32_1.17.0.201812190825/tools/compiler/bin/../lib/gcc/arm-none-eabi/7.3.1/../../../../arm-none-eabi/lib/thumb/v7e-m/fpv4-sp/hard\libc.a(lib_a-findfp.o)
                0x080037a4                __sinit
 .text.__sfp_lock_acquire
                0x080037fc        0xc c:/ac6/systemworkbench/plugins/fr.ac6.mcu.externaltools.arm-none.win32_1.17.0.201812190825/tools/compiler/bin/../lib/gcc/arm-none-eabi/7.3.1/../../../../arm-none-eabi/lib/thumb/v7e-m/fpv4-sp/hard\libc.a(lib_a-findfp.o)
                0x080037fc                __sfp_lock_acquire
 .text.__sfp_lock_release
                0x08003808        0xc c:/ac6/systemworkbench/plugins/fr.ac6.mcu.externaltools.arm-none.win32_1.17.0.201812190825/tools/compiler/bin/../lib/gcc/arm-none-eabi/7.3.1/../../../../arm-none-eabi/lib/thumb/v7e-m/fpv4-sp/hard\libc.a(lib_a-findfp.o)
                0x08003808                __sfp_lock_release
 .text._fwalk_reent
                0x08003814       0x54 c:/ac6/systemworkbench/plugins/fr.ac6.mcu.externaltools.arm-none.win32_1.17.0.201812190825/tools/compiler/bin/../lib/gcc/arm-none-eabi/7.3.1/../../../../arm-none-eabi/lib/thumb/v7e-m/fpv4-sp/hard\libc.a(lib_a-fwalk.o)
                0x08003814                _fwalk_reent
 .text._malloc_r
                0x08003868      0x548 c:/ac6/systemworkbench/plugins/fr.ac6.mcu.externaltools.arm-none.win32_1.17.0.201812190825/tools/compiler/bin/../lib/gcc/arm-none-eabi/7.3.1/../../../../arm-none-eabi/lib/thumb/v7e-m/fpv4-sp/hard\libc.a(lib_a-mallocr.o)
                0x08003868                _malloc_r
 .text.__malloc_lock
                0x08003db0        0xc c:/ac6/systemworkbench/plugins/fr.ac6.mcu.externaltools.arm-none.win32_1.17.0.201812190825/tools/compiler/bin/../lib/gcc/arm-none-eabi/7.3.1/../../../../arm-none-eabi/lib/thumb/v7e-m/fpv4-sp/hard\libc.a(lib_a-mlock.o)
                0x08003db0                __malloc_lock
 .text.__malloc_unlock
                0x08003dbc        0xc c:/ac6/systemworkbench/plugins/fr.ac6.mcu.externaltools.arm-none.win32_1.17.0.201812190825/tools/compiler/bin/../lib/gcc/arm-none-eabi/7.3.1/../../../../arm-none-eabi/lib/thumb/v7e-m/fpv4-sp/hard\libc.a(lib_a-mlock.o)
                0x08003dbc                __malloc_unlock
 .text._puts_r  0x08003dc8       0x9c c:/ac6/systemworkbench/plugins/fr.ac6.mcu.externaltools.arm-none.win32_1.17.0.201812190825/tools/compiler/bin/../lib/gcc/arm-none-eabi/7.3.1/../../../../arm-none-eabi/lib/thumb/v7e-m/fpv4-sp/hard\libc.a(lib_a-puts.o)
                0x08003dc8                _puts_r
 .text.puts     0x08003e64       0x10 c:/ac6/systemworkbench/plugins/fr.ac6.mcu.externaltools.arm-none.win32_1.17.0.201812190825/tools/compiler/bin/../lib/gcc/arm-none-eabi/7.3.1/../../../../arm-none-eabi/lib/thumb/v7e-m/fpv4-sp/hard\libc.a(lib_a-puts.o)
                0x08003e64                puts
 .text._sbrk_r  0x08003e74       0x24 c:/ac6/systemworkbench/plugins/fr.ac6.mcu.externaltools.arm-none.win32_1.17.0.201812190825/tools/compiler/bin/../lib/gcc/arm-none-eabi/7.3.1/../../../../arm-none-eabi/lib/thumb/v7e-m/fpv4-sp/hard\libc.a(lib_a-sbrkr.o)
                0x08003e74                _sbrk_r
 .text.__sread  0x08003e98       0x24 c:/ac6/systemworkbench/plugins/fr.ac6.mcu.externaltools.arm-none.win32_1.17.0.201812190825/tools/compiler/bin/../lib/gcc/arm-none-eabi/7.3.1/../../../../arm-none-eabi/lib/thumb/v7e-m/fpv4-sp/hard\libc.a(lib_a-stdio.o)
                0x08003e98                __sread
 .text.__swrite
                0x08003ebc       0x3c c:/ac6/systemworkbench/plugins/fr.ac6.mcu.externaltools.arm-none.win32_1.17.0.201812190825/tools/compiler/bin/../lib/gcc/arm-none-eabi/7.3.1/../../../../arm-none-eabi/lib/thumb/v7e-m/fpv4-sp/hard\libc.a(lib_a-stdio.o)
                0x08003ebc                __swrite
 .text.__sseek  0x08003ef8       0x20 c:/ac6/systemworkbench/plugins/fr.ac6.mcu.externaltools.arm-none.win32_1.17.0.201812190825/tools/compiler/bin/../lib/gcc/arm-none-eabi/7.3.1/../../../../arm-none-eabi/lib/thumb/v7e-m/fpv4-sp/hard\libc.a(lib_a-stdio.o)
                0x08003ef8                __sseek
 .text.__sclose
                0x08003f18        0x8 c:/ac6/systemworkbench/plugins/fr.ac6.mcu.externaltools.arm-none.win32_1.17.0.201812190825/tools/compiler/bin/../lib/gcc/arm-none-eabi/7.3.1/../../../../arm-none-eabi/lib/thumb/v7e-m/fpv4-sp/hard\libc.a(lib_a-stdio.o)
                0x08003f18                __sclose
 .text._write_r
                0x08003f20       0x2c c:/ac6/systemworkbench/plugins/fr.ac6.mcu.externaltools.arm-none.win32_1.17.0.201812190825/tools/compiler/bin/../lib/gcc/arm-none-eabi/7.3.1/../../../../arm-none-eabi/lib/thumb/v7e-m/fpv4-sp/hard\libc.a(lib_a-writer.o)
                0x08003f20                _write_r
 .text._close_r
                0x08003f4c       0x24 c:/ac6/systemworkbench/plugins/fr.ac6.mcu.externaltools.arm-none.win32_1.17.0.201812190825/tools/compiler/bin/../lib/gcc/arm-none-eabi/7.3.1/../../../../arm-none-eabi/lib/thumb/v7e-m/fpv4-sp/hard\libc.a(lib_a-closer.o)
                0x08003f4c                _close_r
 .text._fclose_r
                0x08003f70       0xd0 c:/ac6/systemworkbench/plugins/fr.ac6.mcu.externaltools.arm-none.win32_1.17.0.201812190825/tools/compiler/bin/../lib/gcc/arm-none-eabi/7.3.1/../../../../arm-none-eabi/lib/thumb/v7e-m/fpv4-sp/hard\libc.a(lib_a-fclose.o)
                0x08003f70                _fclose_r
 .text.__sflush_r
                0x08004040      0x154 c:/ac6/systemworkbench/plugins/fr.ac6.mcu.externaltools.arm-none.win32_1.17.0.201812190825/tools/compiler/bin/../lib/gcc/arm-none-eabi/7.3.1/../../../../arm-none-eabi/lib/thumb/v7e-m/fpv4-sp/hard\libc.a(lib_a-fflush.o)
                0x08004040                __sflush_r
 .text._fflush_r
                0x08004194       0x5c c:/ac6/systemworkbench/plugins/fr.ac6.mcu.externaltools.arm-none.win32_1.17.0.201812190825/tools/compiler/bin/../lib/gcc/arm-none-eabi/7.3.1/../../../../arm-none-eabi/lib/thumb/v7e-m/fpv4-sp/hard\libc.a(lib_a-fflush.o)
                0x08004194                _fflush_r
 .text._malloc_trim_r
                0x080041f0       0xa0 c:/ac6/systemworkbench/plugins/fr.ac6.mcu.externaltools.arm-none.win32_1.17.0.201812190825/tools/compiler/bin/../lib/gcc/arm-none-eabi/7.3.1/../../../../arm-none-eabi/lib/thumb/v7e-m/fpv4-sp/hard\libc.a(lib_a-freer.o)
                0x080041f0                _malloc_trim_r
 .text._free_r  0x08004290      0x1e8 c:/ac6/systemworkbench/plugins/fr.ac6.mcu.externaltools.arm-none.win32_1.17.0.201812190825/tools/compiler/bin/../lib/gcc/arm-none-eabi/7.3.1/../../../../arm-none-eabi/lib/thumb/v7e-m/fpv4-sp/hard\libc.a(lib_a-freer.o)
                0x08004290                _free_r
 .text.__sfvwrite_r
                0x08004478      0x2fc c:/ac6/systemworkbench/plugins/fr.ac6.mcu.externaltools.arm-none.win32_1.17.0.201812190825/tools/compiler/bin/../lib/gcc/arm-none-eabi/7.3.1/../../../../arm-none-eabi/lib/thumb/v7e-m/fpv4-sp/hard\libc.a(lib_a-fvwrite.o)
                0x08004478                __sfvwrite_r
 .text._lseek_r
                0x08004774       0x2c c:/ac6/systemworkbench/plugins/fr.ac6.mcu.externaltools.arm-none.win32_1.17.0.201812190825/tools/compiler/bin/../lib/gcc/arm-none-eabi/7.3.1/../../../../arm-none-eabi/lib/thumb/v7e-m/fpv4-sp/hard\libc.a(lib_a-lseekr.o)
                0x08004774                _lseek_r
 .text.memmove  0x080047a0       0xc8 c:/ac6/systemworkbench/plugins/fr.ac6.mcu.externaltools.arm-none.win32_1.17.0.201812190825/tools/compiler/bin/../lib/gcc/arm-none-eabi/7.3.1/../../../../arm-none-eabi/lib/thumb/v7e-m/fpv4-sp/hard\libc.a(lib_a-memmove.o)
                0x080047a0                memmove
 .text._read_r  0x08004868       0x2c c:/ac6/systemworkbench/plugins/fr.ac6.mcu.externaltools.arm-none.win32_1.17.0.201812190825/tools/compiler/bin/../lib/gcc/arm-none-eabi/7.3.1/../../../../arm-none-eabi/lib/thumb/v7e-m/fpv4-sp/hard\libc.a(lib_a-readr.o)
                0x08004868                _read_r
 .text._realloc_r
                0x08004894      0x35c c:/ac6/systemworkbench/plugins/fr.ac6.mcu.externaltools.arm-none.win32_1.17.0.201812190825/tools/compiler/bin/../lib/gcc/arm-none-eabi/7.3.1/../../../../arm-none-eabi/lib/thumb/v7e-m/fpv4-sp/hard\libc.a(lib_a-reallocr.o)
                0x08004894                _realloc_r
 .text.__swsetup_r
                0x08004bf0       0xcc c:/ac6/systemworkbench/plugins/fr.ac6.mcu.externaltools.arm-none.win32_1.17.0.201812190825/tools/compiler/bin/../lib/gcc/arm-none-eabi/7.3.1/../../../../arm-none-eabi/lib/thumb/v7e-m/fpv4-sp/hard\libc.a(lib_a-wsetup.o)
                0x08004bf0                __swsetup_r
 .text.__swhatbuf_r
                0x08004cbc       0x5c c:/ac6/systemworkbench/plugins/fr.ac6.mcu.externaltools.arm-none.win32_1.17.0.201812190825/tools/compiler/bin/../lib/gcc/arm-none-eabi/7.3.1/../../../../arm-none-eabi/lib/thumb/v7e-m/fpv4-sp/hard\libc.a(lib_a-makebuf.o)
                0x08004cbc                __swhatbuf_r
 .text.__smakebuf_r
                0x08004d18       0x94 c:/ac6/systemworkbench/plugins/fr.ac6.mcu.externaltools.arm-none.win32_1.17.0.201812190825/tools/compiler/bin/../lib/gcc/arm-none-eabi/7.3.1/../../../../arm-none-eabi/lib/thumb/v7e-m/fpv4-sp/hard\libc.a(lib_a-makebuf.o)
                0x08004d18                __smakebuf_r
 .text._fstat_r
                0x08004dac       0x28 c:/ac6/systemworkbench/plugins/fr.ac6.mcu.externaltools.arm-none.win32_1.17.0.201812190825/tools/compiler/bin/../lib/gcc/arm-none-eabi/7.3.1/../../../../arm-none-eabi/lib/thumb/v7e-m/fpv4-sp/hard\libc.a(lib_a-fstatr.o)
                0x08004dac                _fstat_r
 .text._isatty_r
                0x08004dd4       0x24 c:/ac6/systemworkbench/plugins/fr.ac6.mcu.externaltools.arm-none.win32_1.17.0.201812190825/tools/compiler/bin/../lib/gcc/arm-none-eabi/7.3.1/../../../../arm-none-eabi/lib/thumb/v7e-m/fpv4-sp/hard\libc.a(lib_a-isattyr.o)
                0x08004dd4                _isatty_r
 *(.glue_7)
 .glue_7        0x08004df8        0x0 linker stubs
 *(.glue_7t)
 .glue_7t       0x08004df8        0x0 linker stubs
 *(.eh_frame)
 .eh_frame      0x08004df8        0x0 c:/ac6/systemworkbench/plugins/fr.ac6.mcu.externaltools.arm-none.win32_1.17.0.201812190825/tools/compiler/bin/../lib/gcc/arm-none-eabi/7.3.1/thumb/v7e-m/fpv4-sp/hard/crtbegin.o
 *(.init)
 .init          0x08004df8        0x4 c:/ac6/systemworkbench/plugins/fr.ac6.mcu.externaltools.arm-none.win32_1.17.0.201812190825/tools/compiler/bin/../lib/gcc/arm-none-eabi/7.3.1/thumb/v7e-m/fpv4-sp/hard/crti.o
                0x08004df8                _init
 .init          0x08004dfc        0x8 c:/ac6/systemworkbench/plugins/fr.ac6.mcu.externaltools.arm-none.win32_1.17.0.201812190825/tools/compiler/bin/../lib/gcc/arm-none-eabi/7.3.1/thumb/v7e-m/fpv4-sp/hard/crtn.o
 *(.fini)
 .fini          0x08004e04        0x4 c:/ac6/systemworkbench/plugins/fr.ac6.mcu.externaltools.arm-none.win32_1.17.0.201812190825/tools/compiler/bin/../lib/gcc/arm-none-eabi/7.3.1/thumb/v7e-m/fpv4-sp/hard/crti.o
                0x08004e04                _fini
 .fini          0x08004e08        0x8 c:/ac6/systemworkbench/plugins/fr.ac6.mcu.externaltools.arm-none.win32_1.17.0.201812190825/tools/compiler/bin/../lib/gcc/arm-none-eabi/7.3.1/thumb/v7e-m/fpv4-sp/hard/crtn.o
                0x08004e10                . = ALIGN (0x4)
                0x08004e10                _etext = .

.vfp11_veneer   0x08004e10        0x0
 .vfp11_veneer  0x08004e10        0x0 linker stubs

.v4_bx          0x08004e10        0x0
 .v4_bx         0x08004e10        0x0 linker stubs

.iplt           0x08004e10        0x0
 .iplt          0x08004e10        0x0 c:/ac6/systemworkbench/plugins/fr.ac6.mcu.externaltools.arm-none.win32_1.17.0.201812190825/tools/compiler/bin/../lib/gcc/arm-none-eabi/7.3.1/thumb/v7e-m/fpv4-sp/hard/crtbegin.o

.rodata         0x08004e10       0x70
                0x08004e10                . = ALIGN (0x4)
 *(.rodata)
 .rodata        0x08004e10        0x5 Third-Party/FreeRtos/org/Source/tasks.o
 *fill*         0x08004e15        0x3 
 .rodata        0x08004e18        0xd Third-Party/FreeRtos/org/Source/timers.o
 *fill*         0x08004e25        0x3 
 .rodata        0x08004e28       0x33 src/main.o
 *(.rodata*)
 *fill*         0x08004e5b        0x1 
 .rodata._global_impure_ptr
                0x08004e5c        0x4 c:/ac6/systemworkbench/plugins/fr.ac6.mcu.externaltools.arm-none.win32_1.17.0.201812190825/tools/compiler/bin/../lib/gcc/arm-none-eabi/7.3.1/../../../../arm-none-eabi/lib/thumb/v7e-m/fpv4-sp/hard\libc.a(lib_a-impure.o)
                0x08004e5c                _global_impure_ptr
 .rodata._get_semihosting_exts.str1.4
                0x08004e60       0x16 c:/ac6/systemworkbench/plugins/fr.ac6.mcu.externaltools.arm-none.win32_1.17.0.201812190825/tools/compiler/bin/../lib/gcc/arm-none-eabi/7.3.1/../../../../arm-none-eabi/lib/thumb/v7e-m/fpv4-sp/hard\librdimon.a(rdimon-syscalls.o)
 *fill*         0x08004e76        0x2 
 .rodata.initialise_monitor_handles.str1.4
                0x08004e78        0x4 c:/ac6/systemworkbench/plugins/fr.ac6.mcu.externaltools.arm-none.win32_1.17.0.201812190825/tools/compiler/bin/../lib/gcc/arm-none-eabi/7.3.1/../../../../arm-none-eabi/lib/thumb/v7e-m/fpv4-sp/hard\librdimon.a(rdimon-syscalls.o)
 .rodata._puts_r.str1.4
                0x08004e7c        0x4 c:/ac6/systemworkbench/plugins/fr.ac6.mcu.externaltools.arm-none.win32_1.17.0.201812190825/tools/compiler/bin/../lib/gcc/arm-none-eabi/7.3.1/../../../../arm-none-eabi/lib/thumb/v7e-m/fpv4-sp/hard\libc.a(lib_a-puts.o)
                                  0x2 (size before relaxing)
                0x08004e80                . = ALIGN (0x4)

.rel.dyn        0x08004e80        0x0
 .rel.iplt      0x08004e80        0x0 c:/ac6/systemworkbench/plugins/fr.ac6.mcu.externaltools.arm-none.win32_1.17.0.201812190825/tools/compiler/bin/../lib/gcc/arm-none-eabi/7.3.1/thumb/v7e-m/fpv4-sp/hard/crtbegin.o

.ARM.extab      0x08004e80        0x0
                0x08004e80                . = ALIGN (0x4)
 *(.ARM.extab* .gnu.linkonce.armextab.*)
                0x08004e80                . = ALIGN (0x4)

.ARM            0x08004e80        0x0
                0x08004e80                . = ALIGN (0x4)
                0x08004e80                __exidx_start = .
 *(.ARM.exidx*)
                0x08004e80                __exidx_end = .
                0x08004e80                . = ALIGN (0x4)

.preinit_array  0x08004e80        0x0
                0x08004e80                . = ALIGN (0x4)
                0x08004e80                PROVIDE (__preinit_array_start = .)
 *(.preinit_array*)
                0x08004e80                PROVIDE (__preinit_array_end = .)
                0x08004e80                . = ALIGN (0x4)

.init_array     0x08004e80        0x8
                0x08004e80                . = ALIGN (0x4)
                0x08004e80                PROVIDE (__init_array_start = .)
 *(SORT_BY_NAME(.init_array.*))
 .init_array.00000
                0x08004e80        0x4 c:/ac6/systemworkbench/plugins/fr.ac6.mcu.externaltools.arm-none.win32_1.17.0.201812190825/tools/compiler/bin/../lib/gcc/arm-none-eabi/7.3.1/../../../../arm-none-eabi/lib/thumb/v7e-m/fpv4-sp/hard\libc.a(lib_a-__call_atexit.o)
 *(.init_array*)
 .init_array    0x08004e84        0x4 c:/ac6/systemworkbench/plugins/fr.ac6.mcu.externaltools.arm-none.win32_1.17.0.201812190825/tools/compiler/bin/../lib/gcc/arm-none-eabi/7.3.1/thumb/v7e-m/fpv4-sp/hard/crtbegin.o
                0x08004e88                PROVIDE (__init_array_end = .)
                0x08004e88                . = ALIGN (0x4)

.fini_array     0x08004e88        0x4
                0x08004e88                . = ALIGN (0x4)
                0x08004e88                PROVIDE (__fini_array_start = .)
 *(SORT_BY_NAME(.fini_array.*))
 *(.fini_array*)
 .fini_array    0x08004e88        0x4 c:/ac6/systemworkbench/plugins/fr.ac6.mcu.externaltools.arm-none.win32_1.17.0.201812190825/tools/compiler/bin/../lib/gcc/arm-none-eabi/7.3.1/thumb/v7e-m/fpv4-sp/hard/crtbegin.o
                0x08004e8c                PROVIDE (__fini_array_end = .)
                0x08004e8c                . = ALIGN (0x4)
                0x08004e8c                _sidata = LOADADDR (.data)

.data           0x20000000      0x868 load address 0x08004e8c
                0x20000000                . = ALIGN (0x4)
                0x20000000                _sdata = .
 *(.data)
 .data          0x20000000        0x4 Third-Party/FreeRtos/org/Source/portable/GCC/ARM_CM4F/port.o
 .data          0x20000004       0x14 src/system_stm32f4xx.o
                0x20000004                SystemCoreClock
                0x20000008                AHBPrescTable
 *(.data*)
 .data._impure_ptr
                0x20000018        0x4 c:/ac6/systemworkbench/plugins/fr.ac6.mcu.externaltools.arm-none.win32_1.17.0.201812190825/tools/compiler/bin/../lib/gcc/arm-none-eabi/7.3.1/../../../../arm-none-eabi/lib/thumb/v7e-m/fpv4-sp/hard\libc.a(lib_a-impure.o)
                0x20000018                _impure_ptr
 *fill*         0x2000001c        0x4 
 .data.impure_data
                0x20000020      0x428 c:/ac6/systemworkbench/plugins/fr.ac6.mcu.externaltools.arm-none.win32_1.17.0.201812190825/tools/compiler/bin/../lib/gcc/arm-none-eabi/7.3.1/../../../../arm-none-eabi/lib/thumb/v7e-m/fpv4-sp/hard\libc.a(lib_a-impure.o)
 .data.__atexit_recursive_mutex
                0x20000448        0x4 c:/ac6/systemworkbench/plugins/fr.ac6.mcu.externaltools.arm-none.win32_1.17.0.201812190825/tools/compiler/bin/../lib/gcc/arm-none-eabi/7.3.1/../../../../arm-none-eabi/lib/thumb/v7e-m/fpv4-sp/hard\libc.a(lib_a-__call_atexit.o)
                0x20000448                __atexit_recursive_mutex
 .data.__heap_limit
                0x2000044c        0x4 c:/ac6/systemworkbench/plugins/fr.ac6.mcu.externaltools.arm-none.win32_1.17.0.201812190825/tools/compiler/bin/../lib/gcc/arm-none-eabi/7.3.1/../../../../arm-none-eabi/lib/thumb/v7e-m/fpv4-sp/hard\librdimon.a(rdimon-syscalls.o)
                0x2000044c                __heap_limit
 .data.supports_ext_exit_extended
                0x20000450        0x4 c:/ac6/systemworkbench/plugins/fr.ac6.mcu.externaltools.arm-none.win32_1.17.0.201812190825/tools/compiler/bin/../lib/gcc/arm-none-eabi/7.3.1/../../../../arm-none-eabi/lib/thumb/v7e-m/fpv4-sp/hard\librdimon.a(rdimon-syscalls.o)
 .data.supports_ext_stdout_stderr
                0x20000454        0x4 c:/ac6/systemworkbench/plugins/fr.ac6.mcu.externaltools.arm-none.win32_1.17.0.201812190825/tools/compiler/bin/../lib/gcc/arm-none-eabi/7.3.1/../../../../arm-none-eabi/lib/thumb/v7e-m/fpv4-sp/hard\librdimon.a(rdimon-syscalls.o)
 .data.__malloc_av_
                0x20000458      0x408 c:/ac6/systemworkbench/plugins/fr.ac6.mcu.externaltools.arm-none.win32_1.17.0.201812190825/tools/compiler/bin/../lib/gcc/arm-none-eabi/7.3.1/../../../../arm-none-eabi/lib/thumb/v7e-m/fpv4-sp/hard\libc.a(lib_a-mallocr.o)
                0x20000458                __malloc_av_
 .data.__malloc_sbrk_base
                0x20000860        0x4 c:/ac6/systemworkbench/plugins/fr.ac6.mcu.externaltools.arm-none.win32_1.17.0.201812190825/tools/compiler/bin/../lib/gcc/arm-none-eabi/7.3.1/../../../../arm-none-eabi/lib/thumb/v7e-m/fpv4-sp/hard\libc.a(lib_a-mallocr.o)
                0x20000860                __malloc_sbrk_base
 .data.__malloc_trim_threshold
                0x20000864        0x4 c:/ac6/systemworkbench/plugins/fr.ac6.mcu.externaltools.arm-none.win32_1.17.0.201812190825/tools/compiler/bin/../lib/gcc/arm-none-eabi/7.3.1/../../../../arm-none-eabi/lib/thumb/v7e-m/fpv4-sp/hard\libc.a(lib_a-mallocr.o)
                0x20000864                __malloc_trim_threshold
                0x20000868                . = ALIGN (0x4)
                0x20000868                _edata = .

.igot.plt       0x20000868        0x0 load address 0x080056f4
 .igot.plt      0x20000868        0x0 c:/ac6/systemworkbench/plugins/fr.ac6.mcu.externaltools.arm-none.win32_1.17.0.201812190825/tools/compiler/bin/../lib/gcc/arm-none-eabi/7.3.1/thumb/v7e-m/fpv4-sp/hard/crtbegin.o
                0x20000868                . = ALIGN (0x4)

.bss            0x20000868    0x12ed8 load address 0x080056f4
                0x20000868                _sbss = .
                0x20000868                __bss_start__ = _sbss
 *(.bss)
 .bss           0x20000868       0x1c c:/ac6/systemworkbench/plugins/fr.ac6.mcu.externaltools.arm-none.win32_1.17.0.201812190825/tools/compiler/bin/../lib/gcc/arm-none-eabi/7.3.1/thumb/v7e-m/fpv4-sp/hard/crtbegin.o
 .bss           0x20000884      0x104 Third-Party/FreeRtos/org/Source/tasks.o
                0x20000884                pxCurrentTCB
 .bss           0x20000988       0x3c Third-Party/FreeRtos/org/Source/timers.o
 .bss           0x200009c4        0x8 Third-Party/FreeRtos/org/Source/portable/GCC/ARM_CM4F/port.o
 .bss           0x200009cc    0x12c20 Third-Party/FreeRtos/org/Source/portable/MemMang/heap_4.o
 .bss           0x200135ec        0x8 src/main.o
                0x200135ec                xTaskHandle1
                0x200135f0                xTaskHandle2
 *(.bss*)
 .bss.heap_end.7535
                0x200135f4        0x4 c:/ac6/systemworkbench/plugins/fr.ac6.mcu.externaltools.arm-none.win32_1.17.0.201812190825/tools/compiler/bin/../lib/gcc/arm-none-eabi/7.3.1/../../../../arm-none-eabi/lib/thumb/v7e-m/fpv4-sp/hard\librdimon.a(rdimon-syscalls.o)
 .bss.monitor_stderr
                0x200135f8        0x4 c:/ac6/systemworkbench/plugins/fr.ac6.mcu.externaltools.arm-none.win32_1.17.0.201812190825/tools/compiler/bin/../lib/gcc/arm-none-eabi/7.3.1/../../../../arm-none-eabi/lib/thumb/v7e-m/fpv4-sp/hard\librdimon.a(rdimon-syscalls.o)
 .bss.monitor_stdin
                0x200135fc        0x4 c:/ac6/systemworkbench/plugins/fr.ac6.mcu.externaltools.arm-none.win32_1.17.0.201812190825/tools/compiler/bin/../lib/gcc/arm-none-eabi/7.3.1/../../../../arm-none-eabi/lib/thumb/v7e-m/fpv4-sp/hard\librdimon.a(rdimon-syscalls.o)
 .bss.monitor_stdout
                0x20013600        0x4 c:/ac6/systemworkbench/plugins/fr.ac6.mcu.externaltools.arm-none.win32_1.17.0.201812190825/tools/compiler/bin/../lib/gcc/arm-none-eabi/7.3.1/../../../../arm-none-eabi/lib/thumb/v7e-m/fpv4-sp/hard\librdimon.a(rdimon-syscalls.o)
 .bss.openfiles
                0x20013604       0xa0 c:/ac6/systemworkbench/plugins/fr.ac6.mcu.externaltools.arm-none.win32_1.17.0.201812190825/tools/compiler/bin/../lib/gcc/arm-none-eabi/7.3.1/../../../../arm-none-eabi/lib/thumb/v7e-m/fpv4-sp/hard\librdimon.a(rdimon-syscalls.o)
 .bss.__malloc_current_mallinfo
                0x200136a4       0x28 c:/ac6/systemworkbench/plugins/fr.ac6.mcu.externaltools.arm-none.win32_1.17.0.201812190825/tools/compiler/bin/../lib/gcc/arm-none-eabi/7.3.1/../../../../arm-none-eabi/lib/thumb/v7e-m/fpv4-sp/hard\libc.a(lib_a-mallocr.o)
                0x200136a4                __malloc_current_mallinfo
 .bss.__malloc_max_sbrked_mem
                0x200136cc        0x4 c:/ac6/systemworkbench/plugins/fr.ac6.mcu.externaltools.arm-none.win32_1.17.0.201812190825/tools/compiler/bin/../lib/gcc/arm-none-eabi/7.3.1/../../../../arm-none-eabi/lib/thumb/v7e-m/fpv4-sp/hard\libc.a(lib_a-mallocr.o)
                0x200136cc                __malloc_max_sbrked_mem
 .bss.__malloc_max_total_mem
                0x200136d0        0x4 c:/ac6/systemworkbench/plugins/fr.ac6.mcu.externaltools.arm-none.win32_1.17.0.201812190825/tools/compiler/bin/../lib/gcc/arm-none-eabi/7.3.1/../../../../arm-none-eabi/lib/thumb/v7e-m/fpv4-sp/hard\libc.a(lib_a-mallocr.o)
                0x200136d0                __malloc_max_total_mem
 .bss.__malloc_top_pad
                0x200136d4        0x4 c:/ac6/systemworkbench/plugins/fr.ac6.mcu.externaltools.arm-none.win32_1.17.0.201812190825/tools/compiler/bin/../lib/gcc/arm-none-eabi/7.3.1/../../../../arm-none-eabi/lib/thumb/v7e-m/fpv4-sp/hard\libc.a(lib_a-mallocr.o)
                0x200136d4                __malloc_top_pad
 *(COMMON)
 COMMON         0x200136d8       0x21 c:/ac6/systemworkbench/plugins/fr.ac6.mcu.externaltools.arm-none.win32_1.17.0.201812190825/tools/compiler/bin/../lib/gcc/arm-none-eabi/7.3.1/../../../../arm-none-eabi/lib/thumb/v7e-m/fpv4-sp/hard\libc.a(lib_a-lock.o)
                0x200136d8                __lock___atexit_recursive_mutex
                0x200136dc                __lock___arc4random_mutex
                0x200136e0                __lock___env_recursive_mutex
                0x200136e4                __lock___sinit_recursive_mutex
                0x200136e8                __lock___malloc_recursive_mutex
                0x200136ec                __lock___at_quick_exit_mutex
                0x200136f0                __lock___dd_hash_mutex
                0x200136f4                __lock___tz_mutex
                0x200136f8                __lock___sfp_recursive_mutex
 *fill*         0x200136f9        0x3 
 COMMON         0x200136fc       0x40 Third-Party/FreeRtos/org/Source/queue.o
                0x200136fc                xQueueRegistry
 COMMON         0x2001373c        0x4 c:/ac6/systemworkbench/plugins/fr.ac6.mcu.externaltools.arm-none.win32_1.17.0.201812190825/tools/compiler/bin/../lib/gcc/arm-none-eabi/7.3.1/../../../../arm-none-eabi/lib/thumb/v7e-m/fpv4-sp/hard\libc.a(lib_a-reent.o)
                0x2001373c                errno
                0x20013740                . = ALIGN (0x4)
                0x20013740                _ebss = .
                0x20013740                __bss_end__ = _ebss

._user_heap_stack
                0x20013740      0x400 load address 0x080056f4
                0x20013740                . = ALIGN (0x8)
                0x20013740                PROVIDE (end = .)
                [!provide]                PROVIDE (_end = .)
                0x20013740                . = (. + _Min_Heap_Size)
                0x20013b40                . = (. + _Min_Stack_Size)
 *fill*         0x20013740      0x400 
                0x20013b40                . = ALIGN (0x8)

/DISCARD/
 libc.a(*)
 libm.a(*)
 libgcc.a(*)

.ARM.attributes
                0x00000000       0x30
 *(.ARM.attributes)
 .ARM.attributes
                0x00000000       0x22 c:/ac6/systemworkbench/plugins/fr.ac6.mcu.externaltools.arm-none.win32_1.17.0.201812190825/tools/compiler/bin/../lib/gcc/arm-none-eabi/7.3.1/thumb/v7e-m/fpv4-sp/hard/crti.o
 .ARM.attributes
                0x00000022       0x34 c:/ac6/systemworkbench/plugins/fr.ac6.mcu.externaltools.arm-none.win32_1.17.0.201812190825/tools/compiler/bin/../lib/gcc/arm-none-eabi/7.3.1/thumb/v7e-m/fpv4-sp/hard/crtbegin.o
 .ARM.attributes
                0x00000056       0x34 c:/ac6/systemworkbench/plugins/fr.ac6.mcu.externaltools.arm-none.win32_1.17.0.201812190825/tools/compiler/bin/../lib/gcc/arm-none-eabi/7.3.1/../../../../arm-none-eabi/lib/thumb/v7e-m/fpv4-sp/hard\libc.a(lib_a-impure.o)
 .ARM.attributes
                0x0000008a       0x34 c:/ac6/systemworkbench/plugins/fr.ac6.mcu.externaltools.arm-none.win32_1.17.0.201812190825/tools/compiler/bin/../lib/gcc/arm-none-eabi/7.3.1/../../../../arm-none-eabi/lib/thumb/v7e-m/fpv4-sp/hard\libc.a(lib_a-init.o)
 .ARM.attributes
                0x000000be       0x34 c:/ac6/systemworkbench/plugins/fr.ac6.mcu.externaltools.arm-none.win32_1.17.0.201812190825/tools/compiler/bin/../lib/gcc/arm-none-eabi/7.3.1/../../../../arm-none-eabi/lib/thumb/v7e-m/fpv4-sp/hard\libc.a(lib_a-memset.o)
 .ARM.attributes
                0x000000f2       0x34 c:/ac6/systemworkbench/plugins/fr.ac6.mcu.externaltools.arm-none.win32_1.17.0.201812190825/tools/compiler/bin/../lib/gcc/arm-none-eabi/7.3.1/../../../../arm-none-eabi/lib/thumb/v7e-m/fpv4-sp/hard\libc.a(lib_a-__call_atexit.o)
 .ARM.attributes
                0x00000126       0x34 c:/ac6/systemworkbench/plugins/fr.ac6.mcu.externaltools.arm-none.win32_1.17.0.201812190825/tools/compiler/bin/../lib/gcc/arm-none-eabi/7.3.1/../../../../arm-none-eabi/lib/thumb/v7e-m/fpv4-sp/hard\libc.a(lib_a-atexit.o)
 .ARM.attributes
                0x0000015a       0x34 c:/ac6/systemworkbench/plugins/fr.ac6.mcu.externaltools.arm-none.win32_1.17.0.201812190825/tools/compiler/bin/../lib/gcc/arm-none-eabi/7.3.1/../../../../arm-none-eabi/lib/thumb/v7e-m/fpv4-sp/hard\libc.a(lib_a-fini.o)
 .ARM.attributes
                0x0000018e       0x34 c:/ac6/systemworkbench/plugins/fr.ac6.mcu.externaltools.arm-none.win32_1.17.0.201812190825/tools/compiler/bin/../lib/gcc/arm-none-eabi/7.3.1/../../../../arm-none-eabi/lib/thumb/v7e-m/fpv4-sp/hard\libc.a(lib_a-lock.o)
 .ARM.attributes
                0x000001c2       0x34 c:/ac6/systemworkbench/plugins/fr.ac6.mcu.externaltools.arm-none.win32_1.17.0.201812190825/tools/compiler/bin/../lib/gcc/arm-none-eabi/7.3.1/../../../../arm-none-eabi/lib/thumb/v7e-m/fpv4-sp/hard\libc.a(lib_a-__atexit.o)
 .ARM.attributes
                0x000001f6       0x34 c:/ac6/systemworkbench/plugins/fr.ac6.mcu.externaltools.arm-none.win32_1.17.0.201812190825/tools/compiler/bin/../lib/gcc/arm-none-eabi/7.3.1/../../../../arm-none-eabi/lib/thumb/v7e-m/fpv4-sp/hard\librdimon.a(rdimon-syscalls.o)
 .ARM.attributes
                0x0000022a       0x39 StdPeriph_Driver/src/stm32f4xx_rcc.o
 .ARM.attributes
                0x00000263       0x39 Third-Party/FreeRtos/org/Source/list.o
 .ARM.attributes
                0x0000029c       0x39 Third-Party/FreeRtos/org/Source/queue.o
 .ARM.attributes
                0x000002d5       0x39 Third-Party/FreeRtos/org/Source/tasks.o
 .ARM.attributes
                0x0000030e       0x39 Third-Party/FreeRtos/org/Source/timers.o
 .ARM.attributes
                0x00000347       0x39 Third-Party/FreeRtos/org/Source/portable/GCC/ARM_CM4F/port.o
 .ARM.attributes
                0x00000380       0x39 Third-Party/FreeRtos/org/Source/portable/MemMang/heap_4.o
 .ARM.attributes
                0x000003b9       0x39 src/main.o
 .ARM.attributes
                0x000003f2       0x39 src/system_stm32f4xx.o
 .ARM.attributes
                0x0000042b       0x21 startup/startup_stm32.o
 .ARM.attributes
                0x0000044c       0x34 c:/ac6/systemworkbench/plugins/fr.ac6.mcu.externaltools.arm-none.win32_1.17.0.201812190825/tools/compiler/bin/../lib/gcc/arm-none-eabi/7.3.1/../../../../arm-none-eabi/lib/thumb/v7e-m/fpv4-sp/hard\libc.a(lib_a-errno.o)
 .ARM.attributes
                0x00000480       0x34 c:/ac6/systemworkbench/plugins/fr.ac6.mcu.externaltools.arm-none.win32_1.17.0.201812190825/tools/compiler/bin/../lib/gcc/arm-none-eabi/7.3.1/../../../../arm-none-eabi/lib/thumb/v7e-m/fpv4-sp/hard\libc.a(lib_a-findfp.o)
 .ARM.attributes
                0x000004b4       0x34 c:/ac6/systemworkbench/plugins/fr.ac6.mcu.externaltools.arm-none.win32_1.17.0.201812190825/tools/compiler/bin/../lib/gcc/arm-none-eabi/7.3.1/../../../../arm-none-eabi/lib/thumb/v7e-m/fpv4-sp/hard\libc.a(lib_a-fwalk.o)
 .ARM.attributes
                0x000004e8       0x34 c:/ac6/systemworkbench/plugins/fr.ac6.mcu.externaltools.arm-none.win32_1.17.0.201812190825/tools/compiler/bin/../lib/gcc/arm-none-eabi/7.3.1/../../../../arm-none-eabi/lib/thumb/v7e-m/fpv4-sp/hard\libc.a(lib_a-mallocr.o)
 .ARM.attributes
                0x0000051c       0x20 c:/ac6/systemworkbench/plugins/fr.ac6.mcu.externaltools.arm-none.win32_1.17.0.201812190825/tools/compiler/bin/../lib/gcc/arm-none-eabi/7.3.1/../../../../arm-none-eabi/lib/thumb/v7e-m/fpv4-sp/hard\libc.a(lib_a-memcpy.o)
 .ARM.attributes
                0x0000053c       0x34 c:/ac6/systemworkbench/plugins/fr.ac6.mcu.externaltools.arm-none.win32_1.17.0.201812190825/tools/compiler/bin/../lib/gcc/arm-none-eabi/7.3.1/../../../../arm-none-eabi/lib/thumb/v7e-m/fpv4-sp/hard\libc.a(lib_a-mlock.o)
 .ARM.attributes
                0x00000570       0x34 c:/ac6/systemworkbench/plugins/fr.ac6.mcu.externaltools.arm-none.win32_1.17.0.201812190825/tools/compiler/bin/../lib/gcc/arm-none-eabi/7.3.1/../../../../arm-none-eabi/lib/thumb/v7e-m/fpv4-sp/hard\libc.a(lib_a-puts.o)
 .ARM.attributes
                0x000005a4       0x34 c:/ac6/systemworkbench/plugins/fr.ac6.mcu.externaltools.arm-none.win32_1.17.0.201812190825/tools/compiler/bin/../lib/gcc/arm-none-eabi/7.3.1/../../../../arm-none-eabi/lib/thumb/v7e-m/fpv4-sp/hard\libc.a(lib_a-sbrkr.o)
 .ARM.attributes
                0x000005d8       0x34 c:/ac6/systemworkbench/plugins/fr.ac6.mcu.externaltools.arm-none.win32_1.17.0.201812190825/tools/compiler/bin/../lib/gcc/arm-none-eabi/7.3.1/../../../../arm-none-eabi/lib/thumb/v7e-m/fpv4-sp/hard\libc.a(lib_a-stdio.o)
 .ARM.attributes
                0x0000060c       0x20 c:/ac6/systemworkbench/plugins/fr.ac6.mcu.externaltools.arm-none.win32_1.17.0.201812190825/tools/compiler/bin/../lib/gcc/arm-none-eabi/7.3.1/../../../../arm-none-eabi/lib/thumb/v7e-m/fpv4-sp/hard\libc.a(lib_a-strlen.o)
 .ARM.attributes
                0x0000062c       0x34 c:/ac6/systemworkbench/plugins/fr.ac6.mcu.externaltools.arm-none.win32_1.17.0.201812190825/tools/compiler/bin/../lib/gcc/arm-none-eabi/7.3.1/../../../../arm-none-eabi/lib/thumb/v7e-m/fpv4-sp/hard\libc.a(lib_a-writer.o)
 .ARM.attributes
                0x00000660       0x34 c:/ac6/systemworkbench/plugins/fr.ac6.mcu.externaltools.arm-none.win32_1.17.0.201812190825/tools/compiler/bin/../lib/gcc/arm-none-eabi/7.3.1/../../../../arm-none-eabi/lib/thumb/v7e-m/fpv4-sp/hard\libc.a(lib_a-closer.o)
 .ARM.attributes
                0x00000694       0x34 c:/ac6/systemworkbench/plugins/fr.ac6.mcu.externaltools.arm-none.win32_1.17.0.201812190825/tools/compiler/bin/../lib/gcc/arm-none-eabi/7.3.1/../../../../arm-none-eabi/lib/thumb/v7e-m/fpv4-sp/hard\libc.a(lib_a-fclose.o)
 .ARM.attributes
                0x000006c8       0x34 c:/ac6/systemworkbench/plugins/fr.ac6.mcu.externaltools.arm-none.win32_1.17.0.201812190825/tools/compiler/bin/../lib/gcc/arm-none-eabi/7.3.1/../../../../arm-none-eabi/lib/thumb/v7e-m/fpv4-sp/hard\libc.a(lib_a-fflush.o)
 .ARM.attributes
                0x000006fc       0x34 c:/ac6/systemworkbench/plugins/fr.ac6.mcu.externaltools.arm-none.win32_1.17.0.201812190825/tools/compiler/bin/../lib/gcc/arm-none-eabi/7.3.1/../../../../arm-none-eabi/lib/thumb/v7e-m/fpv4-sp/hard\libc.a(lib_a-freer.o)
 .ARM.attributes
                0x00000730       0x34 c:/ac6/systemworkbench/plugins/fr.ac6.mcu.externaltools.arm-none.win32_1.17.0.201812190825/tools/compiler/bin/../lib/gcc/arm-none-eabi/7.3.1/../../../../arm-none-eabi/lib/thumb/v7e-m/fpv4-sp/hard\libc.a(lib_a-fvwrite.o)
 .ARM.attributes
                0x00000764       0x34 c:/ac6/systemworkbench/plugins/fr.ac6.mcu.externaltools.arm-none.win32_1.17.0.201812190825/tools/compiler/bin/../lib/gcc/arm-none-eabi/7.3.1/../../../../arm-none-eabi/lib/thumb/v7e-m/fpv4-sp/hard\libc.a(lib_a-lseekr.o)
 .ARM.attributes
                0x00000798       0x20 c:/ac6/systemworkbench/plugins/fr.ac6.mcu.externaltools.arm-none.win32_1.17.0.201812190825/tools/compiler/bin/../lib/gcc/arm-none-eabi/7.3.1/../../../../arm-none-eabi/lib/thumb/v7e-m/fpv4-sp/hard\libc.a(lib_a-memchr.o)
 .ARM.attributes
                0x000007b8       0x34 c:/ac6/systemworkbench/plugins/fr.ac6.mcu.externaltools.arm-none.win32_1.17.0.201812190825/tools/compiler/bin/../lib/gcc/arm-none-eabi/7.3.1/../../../../arm-none-eabi/lib/thumb/v7e-m/fpv4-sp/hard\libc.a(lib_a-memmove.o)
 .ARM.attributes
                0x000007ec       0x34 c:/ac6/systemworkbench/plugins/fr.ac6.mcu.externaltools.arm-none.win32_1.17.0.201812190825/tools/compiler/bin/../lib/gcc/arm-none-eabi/7.3.1/../../../../arm-none-eabi/lib/thumb/v7e-m/fpv4-sp/hard\libc.a(lib_a-readr.o)
 .ARM.attributes
                0x00000820       0x34 c:/ac6/systemworkbench/plugins/fr.ac6.mcu.externaltools.arm-none.win32_1.17.0.201812190825/tools/compiler/bin/../lib/gcc/arm-none-eabi/7.3.1/../../../../arm-none-eabi/lib/thumb/v7e-m/fpv4-sp/hard\libc.a(lib_a-reallocr.o)
 .ARM.attributes
                0x00000854       0x34 c:/ac6/systemworkbench/plugins/fr.ac6.mcu.externaltools.arm-none.win32_1.17.0.201812190825/tools/compiler/bin/../lib/gcc/arm-none-eabi/7.3.1/../../../../arm-none-eabi/lib/thumb/v7e-m/fpv4-sp/hard\libc.a(lib_a-reent.o)
 .ARM.attributes
                0x00000888       0x34 c:/ac6/systemworkbench/plugins/fr.ac6.mcu.externaltools.arm-none.win32_1.17.0.201812190825/tools/compiler/bin/../lib/gcc/arm-none-eabi/7.3.1/../../../../arm-none-eabi/lib/thumb/v7e-m/fpv4-sp/hard\libc.a(lib_a-wsetup.o)
 .ARM.attributes
                0x000008bc       0x34 c:/ac6/systemworkbench/plugins/fr.ac6.mcu.externaltools.arm-none.win32_1.17.0.201812190825/tools/compiler/bin/../lib/gcc/arm-none-eabi/7.3.1/../../../../arm-none-eabi/lib/thumb/v7e-m/fpv4-sp/hard\libc.a(lib_a-makebuf.o)
 .ARM.attributes
                0x000008f0       0x34 c:/ac6/systemworkbench/plugins/fr.ac6.mcu.externaltools.arm-none.win32_1.17.0.201812190825/tools/compiler/bin/../lib/gcc/arm-none-eabi/7.3.1/../../../../arm-none-eabi/lib/thumb/v7e-m/fpv4-sp/hard\libc.a(lib_a-fstatr.o)
 .ARM.attributes
                0x00000924       0x34 c:/ac6/systemworkbench/plugins/fr.ac6.mcu.externaltools.arm-none.win32_1.17.0.201812190825/tools/compiler/bin/../lib/gcc/arm-none-eabi/7.3.1/../../../../arm-none-eabi/lib/thumb/v7e-m/fpv4-sp/hard\libc.a(lib_a-isattyr.o)
 .ARM.attributes
                0x00000958       0x22 c:/ac6/systemworkbench/plugins/fr.ac6.mcu.externaltools.arm-none.win32_1.17.0.201812190825/tools/compiler/bin/../lib/gcc/arm-none-eabi/7.3.1/thumb/v7e-m/fpv4-sp/hard/crtn.o
OUTPUT(STM32_HelloWorld.elf elf32-littlearm)

.debug_frame    0x00000000     0x2c70
 .debug_frame   0x00000000       0x2c c:/ac6/systemworkbench/plugins/fr.ac6.mcu.externaltools.arm-none.win32_1.17.0.201812190825/tools/compiler/bin/../lib/gcc/arm-none-eabi/7.3.1/../../../../arm-none-eabi/lib/thumb/v7e-m/fpv4-sp/hard\libc.a(lib_a-init.o)
 .debug_frame   0x0000002c       0x38 c:/ac6/systemworkbench/plugins/fr.ac6.mcu.externaltools.arm-none.win32_1.17.0.201812190825/tools/compiler/bin/../lib/gcc/arm-none-eabi/7.3.1/../../../../arm-none-eabi/lib/thumb/v7e-m/fpv4-sp/hard\libc.a(lib_a-memset.o)
 .debug_frame   0x00000064       0x5c c:/ac6/systemworkbench/plugins/fr.ac6.mcu.externaltools.arm-none.win32_1.17.0.201812190825/tools/compiler/bin/../lib/gcc/arm-none-eabi/7.3.1/../../../../arm-none-eabi/lib/thumb/v7e-m/fpv4-sp/hard\libc.a(lib_a-__call_atexit.o)
 .debug_frame   0x000000c0       0x20 c:/ac6/systemworkbench/plugins/fr.ac6.mcu.externaltools.arm-none.win32_1.17.0.201812190825/tools/compiler/bin/../lib/gcc/arm-none-eabi/7.3.1/../../../../arm-none-eabi/lib/thumb/v7e-m/fpv4-sp/hard\libc.a(lib_a-atexit.o)
 .debug_frame   0x000000e0       0x34 c:/ac6/systemworkbench/plugins/fr.ac6.mcu.externaltools.arm-none.win32_1.17.0.201812190825/tools/compiler/bin/../lib/gcc/arm-none-eabi/7.3.1/../../../../arm-none-eabi/lib/thumb/v7e-m/fpv4-sp/hard\libc.a(lib_a-fini.o)
 .debug_frame   0x00000114       0xb0 c:/ac6/systemworkbench/plugins/fr.ac6.mcu.externaltools.arm-none.win32_1.17.0.201812190825/tools/compiler/bin/../lib/gcc/arm-none-eabi/7.3.1/../../../../arm-none-eabi/lib/thumb/v7e-m/fpv4-sp/hard\libc.a(lib_a-lock.o)
 .debug_frame   0x000001c4       0x34 c:/ac6/systemworkbench/plugins/fr.ac6.mcu.externaltools.arm-none.win32_1.17.0.201812190825/tools/compiler/bin/../lib/gcc/arm-none-eabi/7.3.1/../../../../arm-none-eabi/lib/thumb/v7e-m/fpv4-sp/hard\libc.a(lib_a-__atexit.o)
 .debug_frame   0x000001f8      0x418 c:/ac6/systemworkbench/plugins/fr.ac6.mcu.externaltools.arm-none.win32_1.17.0.201812190825/tools/compiler/bin/../lib/gcc/arm-none-eabi/7.3.1/../../../../arm-none-eabi/lib/thumb/v7e-m/fpv4-sp/hard\librdimon.a(rdimon-syscalls.o)
 .debug_frame   0x00000610      0x904 StdPeriph_Driver/src/stm32f4xx_rcc.o
 .debug_frame   0x00000f14       0xd8 Third-Party/FreeRtos/org/Source/list.o
 .debug_frame   0x00000fec      0x530 Third-Party/FreeRtos/org/Source/queue.o
 .debug_frame   0x0000151c      0x89c Third-Party/FreeRtos/org/Source/tasks.o
 .debug_frame   0x00001db8      0x38c Third-Party/FreeRtos/org/Source/timers.o
 .debug_frame   0x00002144      0x1a8 Third-Party/FreeRtos/org/Source/portable/GCC/ARM_CM4F/port.o
 .debug_frame   0x000022ec      0x12c Third-Party/FreeRtos/org/Source/portable/MemMang/heap_4.o
 .debug_frame   0x00002418       0x88 src/main.o
 .debug_frame   0x000024a0       0x7c src/system_stm32f4xx.o
 .debug_frame   0x0000251c       0x20 c:/ac6/systemworkbench/plugins/fr.ac6.mcu.externaltools.arm-none.win32_1.17.0.201812190825/tools/compiler/bin/../lib/gcc/arm-none-eabi/7.3.1/../../../../arm-none-eabi/lib/thumb/v7e-m/fpv4-sp/hard\libc.a(lib_a-errno.o)
 .debug_frame   0x0000253c      0x148 c:/ac6/systemworkbench/plugins/fr.ac6.mcu.externaltools.arm-none.win32_1.17.0.201812190825/tools/compiler/bin/../lib/gcc/arm-none-eabi/7.3.1/../../../../arm-none-eabi/lib/thumb/v7e-m/fpv4-sp/hard\libc.a(lib_a-findfp.o)
 .debug_frame   0x00002684       0x54 c:/ac6/systemworkbench/plugins/fr.ac6.mcu.externaltools.arm-none.win32_1.17.0.201812190825/tools/compiler/bin/../lib/gcc/arm-none-eabi/7.3.1/../../../../arm-none-eabi/lib/thumb/v7e-m/fpv4-sp/hard\libc.a(lib_a-fwalk.o)
 .debug_frame   0x000026d8       0x54 c:/ac6/systemworkbench/plugins/fr.ac6.mcu.externaltools.arm-none.win32_1.17.0.201812190825/tools/compiler/bin/../lib/gcc/arm-none-eabi/7.3.1/../../../../arm-none-eabi/lib/thumb/v7e-m/fpv4-sp/hard\libc.a(lib_a-mallocr.o)
 .debug_frame   0x0000272c       0x30 c:/ac6/systemworkbench/plugins/fr.ac6.mcu.externaltools.arm-none.win32_1.17.0.201812190825/tools/compiler/bin/../lib/gcc/arm-none-eabi/7.3.1/../../../../arm-none-eabi/lib/thumb/v7e-m/fpv4-sp/hard\libc.a(lib_a-mlock.o)
 .debug_frame   0x0000275c       0x4c c:/ac6/systemworkbench/plugins/fr.ac6.mcu.externaltools.arm-none.win32_1.17.0.201812190825/tools/compiler/bin/../lib/gcc/arm-none-eabi/7.3.1/../../../../arm-none-eabi/lib/thumb/v7e-m/fpv4-sp/hard\libc.a(lib_a-puts.o)
 .debug_frame   0x000027a8       0x2c c:/ac6/systemworkbench/plugins/fr.ac6.mcu.externaltools.arm-none.win32_1.17.0.201812190825/tools/compiler/bin/../lib/gcc/arm-none-eabi/7.3.1/../../../../arm-none-eabi/lib/thumb/v7e-m/fpv4-sp/hard\libc.a(lib_a-sbrkr.o)
 .debug_frame   0x000027d4       0x88 c:/ac6/systemworkbench/plugins/fr.ac6.mcu.externaltools.arm-none.win32_1.17.0.201812190825/tools/compiler/bin/../lib/gcc/arm-none-eabi/7.3.1/../../../../arm-none-eabi/lib/thumb/v7e-m/fpv4-sp/hard\libc.a(lib_a-stdio.o)
 .debug_frame   0x0000285c       0x2c c:/ac6/systemworkbench/plugins/fr.ac6.mcu.externaltools.arm-none.win32_1.17.0.201812190825/tools/compiler/bin/../lib/gcc/arm-none-eabi/7.3.1/../../../../arm-none-eabi/lib/thumb/v7e-m/fpv4-sp/hard\libc.a(lib_a-writer.o)
 .debug_frame   0x00002888       0x2c c:/ac6/systemworkbench/plugins/fr.ac6.mcu.externaltools.arm-none.win32_1.17.0.201812190825/tools/compiler/bin/../lib/gcc/arm-none-eabi/7.3.1/../../../../arm-none-eabi/lib/thumb/v7e-m/fpv4-sp/hard\libc.a(lib_a-closer.o)
 .debug_frame   0x000028b4       0x3c c:/ac6/systemworkbench/plugins/fr.ac6.mcu.externaltools.arm-none.win32_1.17.0.201812190825/tools/compiler/bin/../lib/gcc/arm-none-eabi/7.3.1/../../../../arm-none-eabi/lib/thumb/v7e-m/fpv4-sp/hard\libc.a(lib_a-fclose.o)
 .debug_frame   0x000028f0       0x5c c:/ac6/systemworkbench/plugins/fr.ac6.mcu.externaltools.arm-none.win32_1.17.0.201812190825/tools/compiler/bin/../lib/gcc/arm-none-eabi/7.3.1/../../../../arm-none-eabi/lib/thumb/v7e-m/fpv4-sp/hard\libc.a(lib_a-fflush.o)
 .debug_frame   0x0000294c       0x80 c:/ac6/systemworkbench/plugins/fr.ac6.mcu.externaltools.arm-none.win32_1.17.0.201812190825/tools/compiler/bin/../lib/gcc/arm-none-eabi/7.3.1/../../../../arm-none-eabi/lib/thumb/v7e-m/fpv4-sp/hard\libc.a(lib_a-freer.o)
 .debug_frame   0x000029cc       0x64 c:/ac6/systemworkbench/plugins/fr.ac6.mcu.externaltools.arm-none.win32_1.17.0.201812190825/tools/compiler/bin/../lib/gcc/arm-none-eabi/7.3.1/../../../../arm-none-eabi/lib/thumb/v7e-m/fpv4-sp/hard\libc.a(lib_a-fvwrite.o)
 .debug_frame   0x00002a30       0x2c c:/ac6/systemworkbench/plugins/fr.ac6.mcu.externaltools.arm-none.win32_1.17.0.201812190825/tools/compiler/bin/../lib/gcc/arm-none-eabi/7.3.1/../../../../arm-none-eabi/lib/thumb/v7e-m/fpv4-sp/hard\libc.a(lib_a-lseekr.o)
 .debug_frame   0x00002a5c       0x40 c:/ac6/systemworkbench/plugins/fr.ac6.mcu.externaltools.arm-none.win32_1.17.0.201812190825/tools/compiler/bin/../lib/gcc/arm-none-eabi/7.3.1/../../../../arm-none-eabi/lib/thumb/v7e-m/fpv4-sp/hard\libc.a(lib_a-memmove.o)
 .debug_frame   0x00002a9c       0x2c c:/ac6/systemworkbench/plugins/fr.ac6.mcu.externaltools.arm-none.win32_1.17.0.201812190825/tools/compiler/bin/../lib/gcc/arm-none-eabi/7.3.1/../../../../arm-none-eabi/lib/thumb/v7e-m/fpv4-sp/hard\libc.a(lib_a-readr.o)
 .debug_frame   0x00002ac8       0x58 c:/ac6/systemworkbench/plugins/fr.ac6.mcu.externaltools.arm-none.win32_1.17.0.201812190825/tools/compiler/bin/../lib/gcc/arm-none-eabi/7.3.1/../../../../arm-none-eabi/lib/thumb/v7e-m/fpv4-sp/hard\libc.a(lib_a-reallocr.o)
 .debug_frame   0x00002b20       0x68 c:/ac6/systemworkbench/plugins/fr.ac6.mcu.externaltools.arm-none.win32_1.17.0.201812190825/tools/compiler/bin/../lib/gcc/arm-none-eabi/7.3.1/../../../../arm-none-eabi/lib/thumb/v7e-m/fpv4-sp/hard\libc.a(lib_a-reent.o)
 .debug_frame   0x00002b88       0x2c c:/ac6/systemworkbench/plugins/fr.ac6.mcu.externaltools.arm-none.win32_1.17.0.201812190825/tools/compiler/bin/../lib/gcc/arm-none-eabi/7.3.1/../../../../arm-none-eabi/lib/thumb/v7e-m/fpv4-sp/hard\libc.a(lib_a-wsetup.o)
 .debug_frame   0x00002bb4       0x64 c:/ac6/systemworkbench/plugins/fr.ac6.mcu.externaltools.arm-none.win32_1.17.0.201812190825/tools/compiler/bin/../lib/gcc/arm-none-eabi/7.3.1/../../../../arm-none-eabi/lib/thumb/v7e-m/fpv4-sp/hard\libc.a(lib_a-makebuf.o)
 .debug_frame   0x00002c18       0x2c c:/ac6/systemworkbench/plugins/fr.ac6.mcu.externaltools.arm-none.win32_1.17.0.201812190825/tools/compiler/bin/../lib/gcc/arm-none-eabi/7.3.1/../../../../arm-none-eabi/lib/thumb/v7e-m/fpv4-sp/hard\libc.a(lib_a-fstatr.o)
 .debug_frame   0x00002c44       0x2c c:/ac6/systemworkbench/plugins/fr.ac6.mcu.externaltools.arm-none.win32_1.17.0.201812190825/tools/compiler/bin/../lib/gcc/arm-none-eabi/7.3.1/../../../../arm-none-eabi/lib/thumb/v7e-m/fpv4-sp/hard\libc.a(lib_a-isattyr.o)

.debug_info     0x00000000     0x9848
 .debug_info    0x00000000      0xf8e StdPeriph_Driver/src/stm32f4xx_rcc.o
 .debug_info    0x00000f8e      0xadb Third-Party/FreeRtos/org/Source/list.o
 .debug_info    0x00001a69     0x1f47 Third-Party/FreeRtos/org/Source/queue.o
 .debug_info    0x000039b0     0x27c5 Third-Party/FreeRtos/org/Source/tasks.o
 .debug_info    0x00006175     0x14d9 Third-Party/FreeRtos/org/Source/timers.o
 .debug_info    0x0000764e      0x533 Third-Party/FreeRtos/org/Source/portable/GCC/ARM_CM4F/port.o
 .debug_info    0x00007b81      0xcfd Third-Party/FreeRtos/org/Source/portable/MemMang/heap_4.o
 .debug_info    0x0000887e      0x987 src/main.o
 .debug_info    0x00009205      0x621 src/system_stm32f4xx.o
 .debug_info    0x00009826       0x22 startup/startup_stm32.o

.debug_abbrev   0x00000000     0x1607
 .debug_abbrev  0x00000000      0x1d4 StdPeriph_Driver/src/stm32f4xx_rcc.o
 .debug_abbrev  0x000001d4      0x205 Third-Party/FreeRtos/org/Source/list.o
 .debug_abbrev  0x000003d9      0x352 Third-Party/FreeRtos/org/Source/queue.o
 .debug_abbrev  0x0000072b      0x388 Third-Party/FreeRtos/org/Source/tasks.o
 .debug_abbrev  0x00000ab3      0x2fe Third-Party/FreeRtos/org/Source/timers.o
 .debug_abbrev  0x00000db1      0x210 Third-Party/FreeRtos/org/Source/portable/GCC/ARM_CM4F/port.o
 .debug_abbrev  0x00000fc1      0x2d4 Third-Party/FreeRtos/org/Source/portable/MemMang/heap_4.o
 .debug_abbrev  0x00001295      0x203 src/main.o
 .debug_abbrev  0x00001498      0x15d src/system_stm32f4xx.o
 .debug_abbrev  0x000015f5       0x12 startup/startup_stm32.o

.debug_aranges  0x00000000      0x790
 .debug_aranges
                0x00000000      0x1e8 StdPeriph_Driver/src/stm32f4xx_rcc.o
 .debug_aranges
                0x000001e8       0x40 Third-Party/FreeRtos/org/Source/list.o
 .debug_aranges
                0x00000228      0x130 Third-Party/FreeRtos/org/Source/queue.o
 .debug_aranges
                0x00000358      0x1f8 Third-Party/FreeRtos/org/Source/tasks.o
 .debug_aranges
                0x00000550       0xd8 Third-Party/FreeRtos/org/Source/timers.o
 .debug_aranges
                0x00000628       0x80 Third-Party/FreeRtos/org/Source/portable/GCC/ARM_CM4F/port.o
 .debug_aranges
                0x000006a8       0x58 Third-Party/FreeRtos/org/Source/portable/MemMang/heap_4.o
 .debug_aranges
                0x00000700       0x38 src/main.o
 .debug_aranges
                0x00000738       0x30 src/system_stm32f4xx.o
 .debug_aranges
                0x00000768       0x28 startup/startup_stm32.o

.debug_ranges   0x00000000      0x6f8
 .debug_ranges  0x00000000      0x1d8 StdPeriph_Driver/src/stm32f4xx_rcc.o
 .debug_ranges  0x000001d8       0x30 Third-Party/FreeRtos/org/Source/list.o
 .debug_ranges  0x00000208      0x120 Third-Party/FreeRtos/org/Source/queue.o
 .debug_ranges  0x00000328      0x1e8 Third-Party/FreeRtos/org/Source/tasks.o
 .debug_ranges  0x00000510       0xc8 Third-Party/FreeRtos/org/Source/timers.o
 .debug_ranges  0x000005d8       0x70 Third-Party/FreeRtos/org/Source/portable/GCC/ARM_CM4F/port.o
 .debug_ranges  0x00000648       0x48 Third-Party/FreeRtos/org/Source/portable/MemMang/heap_4.o
 .debug_ranges  0x00000690       0x28 src/main.o
 .debug_ranges  0x000006b8       0x20 src/system_stm32f4xx.o
 .debug_ranges  0x000006d8       0x20 startup/startup_stm32.o

.debug_macro    0x00000000     0x205d
 .debug_macro   0x00000000      0x2cb StdPeriph_Driver/src/stm32f4xx_rcc.o
 .debug_macro   0x000002cb      0x17a Third-Party/FreeRtos/org/Source/list.o
 .debug_macro   0x00000445      0x204 Third-Party/FreeRtos/org/Source/queue.o
 .debug_macro   0x00000649       0x16 Third-Party/FreeRtos/org/Source/queue.o
 .debug_macro   0x0000065f       0x35 Third-Party/FreeRtos/org/Source/queue.o
 .debug_macro   0x00000694       0x80 Third-Party/FreeRtos/org/Source/queue.o
 .debug_macro   0x00000714      0x267 Third-Party/FreeRtos/org/Source/tasks.o
 .debug_macro   0x0000097b       0x10 Third-Party/FreeRtos/org/Source/tasks.o
 .debug_macro   0x0000098b      0x1cf Third-Party/FreeRtos/org/Source/timers.o
 .debug_macro   0x00000b5a       0x97 Third-Party/FreeRtos/org/Source/timers.o
 .debug_macro   0x00000bf1      0x196 Third-Party/FreeRtos/org/Source/portable/GCC/ARM_CM4F/port.o
 .debug_macro   0x00000d87      0x1a1 Third-Party/FreeRtos/org/Source/portable/MemMang/heap_4.o
 .debug_macro   0x00000f28      0x3aa src/main.o
 .debug_macro   0x000012d2       0x16 src/main.o
 .debug_macro   0x000012e8       0x97 src/main.o
 .debug_macro   0x0000137f       0xfd src/main.o
 .debug_macro   0x0000147c       0x10 src/main.o
 .debug_macro   0x0000148c       0x10 src/main.o
 .debug_macro   0x0000149c       0x1c src/main.o
 .debug_macro   0x000014b8       0x52 src/main.o
 .debug_macro   0x0000150a       0x40 src/main.o
 .debug_macro   0x0000154a       0x10 src/main.o
 .debug_macro   0x0000155a       0x40 src/main.o
 .debug_macro   0x0000159a       0xd7 src/main.o
 .debug_macro   0x00001671       0x1c src/main.o
 .debug_macro   0x0000168d       0x3d src/main.o
 .debug_macro   0x000016ca       0x16 src/main.o
 .debug_macro   0x000016e0      0x16f src/main.o
 .debug_macro   0x0000184f      0x106 src/main.o
 .debug_macro   0x00001955      0x4ef src/main.o
 .debug_macro   0x00001e44      0x219 src/system_stm32f4xx.o

.debug_line     0x00000000     0x55ba
 .debug_line    0x00000000      0xb3c StdPeriph_Driver/src/stm32f4xx_rcc.o
 .debug_line    0x00000b3c      0x51a Third-Party/FreeRtos/org/Source/list.o
 .debug_line    0x00001056      0xe67 Third-Party/FreeRtos/org/Source/queue.o
 .debug_line    0x00001ebd     0x11b9 Third-Party/FreeRtos/org/Source/tasks.o
 .debug_line    0x00003076      0x8b8 Third-Party/FreeRtos/org/Source/timers.o
 .debug_line    0x0000392e      0x64d Third-Party/FreeRtos/org/Source/portable/GCC/ARM_CM4F/port.o
 .debug_line    0x00003f7b      0x629 Third-Party/FreeRtos/org/Source/portable/MemMang/heap_4.o
 .debug_line    0x000045a4      0x8ce src/main.o
 .debug_line    0x00004e72      0x6cc src/system_stm32f4xx.o
 .debug_line    0x0000553e       0x7c startup/startup_stm32.o

.debug_str      0x00000000    0x7998d
 .debug_str     0x00000000    0x6dae5 StdPeriph_Driver/src/stm32f4xx_rcc.o
                              0x6ddd2 (size before relaxing)
 .debug_str     0x0006dae5     0x67d0 Third-Party/FreeRtos/org/Source/list.o
                               0xa4d8 (size before relaxing)
 .debug_str     0x000742b5     0x16d9 Third-Party/FreeRtos/org/Source/queue.o
                               0xbba4 (size before relaxing)
 .debug_str     0x0007598e     0x1b70 Third-Party/FreeRtos/org/Source/tasks.o
                               0xc86a (size before relaxing)
 .debug_str     0x000774fe      0x529 Third-Party/FreeRtos/org/Source/timers.o
                               0xbff9 (size before relaxing)
 .debug_str     0x00077a27      0x7fb Third-Party/FreeRtos/org/Source/portable/GCC/ARM_CM4F/port.o
                               0x8672 (size before relaxing)
 .debug_str     0x00078222      0x333 Third-Party/FreeRtos/org/Source/portable/MemMang/heap_4.o
                               0xadcb (size before relaxing)
 .debug_str     0x00078555     0x12ed src/main.o
                              0x74e98 (size before relaxing)
 .debug_str     0x00079842      0x122 src/system_stm32f4xx.o
                              0x6d155 (size before relaxing)
 .debug_str     0x00079964       0x29 startup/startup_stm32.o
                                 0x47 (size before relaxing)

.comment        0x00000000       0x7f
 .comment       0x00000000       0x7f StdPeriph_Driver/src/stm32f4xx_rcc.o
                                 0x80 (size before relaxing)
 .comment       0x0000007f       0x80 Third-Party/FreeRtos/org/Source/list.o
 .comment       0x0000007f       0x80 Third-Party/FreeRtos/org/Source/queue.o
 .comment       0x0000007f       0x80 Third-Party/FreeRtos/org/Source/tasks.o
 .comment       0x0000007f       0x80 Third-Party/FreeRtos/org/Source/timers.o
 .comment       0x0000007f       0x80 Third-Party/FreeRtos/org/Source/portable/GCC/ARM_CM4F/port.o
 .comment       0x0000007f       0x80 Third-Party/FreeRtos/org/Source/portable/MemMang/heap_4.o
 .comment       0x0000007f       0x80 src/main.o
 .comment       0x0000007f       0x80 src/system_stm32f4xx.o
